2024-09-29T08:23:31.243Z [Modules] Modules initializing
2024-09-29T08:23:31.243Z [Modules] Distribution: remote
2024-09-29T08:23:31.243Z [Modules] Host updates: enabled
2024-09-29T08:23:31.243Z [Modules] Module updates: enabled
2024-09-29T08:23:31.243Z [Modules] Module install path: /home/aurevelle/.config/discord/0.0.69/modules
2024-09-29T08:23:31.243Z [Modules] Module installed file path: /home/aurevelle/.config/discord/0.0.69/modules/installed.json
2024-09-29T08:23:31.243Z [Modules] Module download path: /home/aurevelle/.config/discord/0.0.69/modules/pending
2024-09-29T08:23:31.584Z [Modules] Bootstrapping...
2024-09-29T08:23:31.585Z [Modules] Installing discord_desktop_core@0 from /opt/discord/resources/bootstrap/discord_desktop_core.zip
2024-09-29T08:23:31.587Z [Modules] Failed installing discord_desktop_core@0: Error: ENOENT: no such file or directory, open '/opt/discord/resources/bootstrap/discord_desktop_core.zip'
2024-09-29T08:23:31.588Z [Modules] Installing discord_erlpack@0 from /opt/discord/resources/bootstrap/discord_erlpack.zip
2024-09-29T08:23:31.589Z [Modules] Failed installing discord_erlpack@0: Error: ENOENT: no such file or directory, open '/opt/discord/resources/bootstrap/discord_erlpack.zip'
2024-09-29T08:23:31.589Z [Modules] Installing discord_spellcheck@0 from /opt/discord/resources/bootstrap/discord_spellcheck.zip
2024-09-29T08:23:31.591Z [Modules] Failed installing discord_spellcheck@0: Error: ENOENT: no such file or directory, open '/opt/discord/resources/bootstrap/discord_spellcheck.zip'
2024-09-29T08:23:31.592Z [Modules] Installing discord_utils@0 from /opt/discord/resources/bootstrap/discord_utils.zip
2024-09-29T08:23:31.593Z [Modules] Failed installing discord_utils@0: Error: ENOENT: no such file or directory, open '/opt/discord/resources/bootstrap/discord_utils.zip'
2024-09-29T08:23:31.593Z [Modules] Installing discord_voice@0 from /opt/discord/resources/bootstrap/discord_voice.zip
2024-09-29T08:23:31.594Z [Modules] Failed installing discord_voice@0: Error: ENOENT: no such file or directory, open '/opt/discord/resources/bootstrap/discord_voice.zip'
2024-09-29T08:23:31.595Z [Modules] Installing discord_zstd@0 from /opt/discord/resources/bootstrap/discord_zstd.zip
2024-09-29T08:23:31.595Z [Modules] Failed installing discord_zstd@0: Error: ENOENT: no such file or directory, open '/opt/discord/resources/bootstrap/discord_zstd.zip'
2024-09-29T08:23:31.595Z [Modules] Finished module installations. [success: 0] [failure: 6]
2024-09-29T08:23:31.595Z [Modules] Checking for host updates.
2024-09-29T08:23:32.052Z [Modules] Host is up to date.
2024-09-29T08:23:32.053Z [Modules] Checking for module updates at https://discord.com/api/modules/stable/versions.json
2024-09-29T08:23:32.091Z [Modules] Module update available: discord_desktop_core@1 [installed: 0]
2024-09-29T08:23:32.091Z [Modules] Module update available: discord_erlpack@1 [installed: 0]
2024-09-29T08:23:32.091Z [Modules] Module update available: discord_spellcheck@1 [installed: 0]
2024-09-29T08:23:32.091Z [Modules] Module update available: discord_utils@1 [installed: 0]
2024-09-29T08:23:32.091Z [Modules] Module update available: discord_voice@1 [installed: 0]
2024-09-29T08:23:32.091Z [Modules] Module update available: discord_zstd@1 [installed: 0]
2024-09-29T08:23:32.092Z [Modules] Fetching discord_desktop_core@1 from https://discord.com/api/modules/stable/discord_desktop_core/1
2024-09-29T08:23:32.092Z [Modules] Streaming discord_desktop_core@1 to /home/aurevelle/.config/discord/0.0.69/modules/pending/discord_desktop_core-1.zip
2024-09-29T08:23:32.798Z [Modules] Streaming discord_desktop_core@1 to /home/aurevelle/.config/discord/0.0.69/modules/pending/discord_desktop_core-1.zip: 1%
2024-09-29T08:23:33.064Z [Modules] Streaming discord_desktop_core@1 to /home/aurevelle/.config/discord/0.0.69/modules/pending/discord_desktop_core-1.zip: 2%
2024-09-29T08:23:33.092Z [Modules] Streaming discord_desktop_core@1 to /home/aurevelle/.config/discord/0.0.69/modules/pending/discord_desktop_core-1.zip: 4%
2024-09-29T08:23:33.112Z [Modules] Streaming discord_desktop_core@1 to /home/aurevelle/.config/discord/0.0.69/modules/pending/discord_desktop_core-1.zip: 5%
2024-09-29T08:23:33.120Z [Modules] Streaming discord_desktop_core@1 to /home/aurevelle/.config/discord/0.0.69/modules/pending/discord_desktop_core-1.zip: 6%
2024-09-29T08:23:33.137Z [Modules] Streaming discord_desktop_core@1 to /home/aurevelle/.config/discord/0.0.69/modules/pending/discord_desktop_core-1.zip: 7%
2024-09-29T08:23:33.146Z [Modules] Streaming discord_desktop_core@1 to /home/aurevelle/.config/discord/0.0.69/modules/pending/discord_desktop_core-1.zip: 8%
2024-09-29T08:23:33.162Z [Modules] Streaming discord_desktop_core@1 to /home/aurevelle/.config/discord/0.0.69/modules/pending/discord_desktop_core-1.zip: 9%
2024-09-29T08:23:33.165Z [Modules] Streaming discord_desktop_core@1 to /home/aurevelle/.config/discord/0.0.69/modules/pending/discord_desktop_core-1.zip: 10%
2024-09-29T08:23:33.171Z [Modules] Streaming discord_desktop_core@1 to /home/aurevelle/.config/discord/0.0.69/modules/pending/discord_desktop_core-1.zip: 11%
2024-09-29T08:23:33.178Z [Modules] Streaming discord_desktop_core@1 to /home/aurevelle/.config/discord/0.0.69/modules/pending/discord_desktop_core-1.zip: 12%
2024-09-29T08:23:33.181Z [Modules] Streaming discord_desktop_core@1 to /home/aurevelle/.config/discord/0.0.69/modules/pending/discord_desktop_core-1.zip: 13%
2024-09-29T08:23:33.185Z [Modules] Streaming discord_desktop_core@1 to /home/aurevelle/.config/discord/0.0.69/modules/pending/discord_desktop_core-1.zip: 14%
2024-09-29T08:23:33.192Z [Modules] Streaming discord_desktop_core@1 to /home/aurevelle/.config/discord/0.0.69/modules/pending/discord_desktop_core-1.zip: 15%
2024-09-29T08:23:33.194Z [Modules] Streaming discord_desktop_core@1 to /home/aurevelle/.config/discord/0.0.69/modules/pending/discord_desktop_core-1.zip: 16%
2024-09-29T08:23:33.199Z [Modules] Streaming discord_desktop_core@1 to /home/aurevelle/.config/discord/0.0.69/modules/pending/discord_desktop_core-1.zip: 17%
2024-09-29T08:23:33.205Z [Modules] Streaming discord_desktop_core@1 to /home/aurevelle/.config/discord/0.0.69/modules/pending/discord_desktop_core-1.zip: 19%
2024-09-29T08:23:33.213Z [Modules] Streaming discord_desktop_core@1 to /home/aurevelle/.config/discord/0.0.69/modules/pending/discord_desktop_core-1.zip: 20%
2024-09-29T08:23:33.218Z [Modules] Streaming discord_desktop_core@1 to /home/aurevelle/.config/discord/0.0.69/modules/pending/discord_desktop_core-1.zip: 22%
2024-09-29T08:23:33.221Z [Modules] Streaming discord_desktop_core@1 to /home/aurevelle/.config/discord/0.0.69/modules/pending/discord_desktop_core-1.zip: 23%
2024-09-29T08:23:33.223Z [Modules] Streaming discord_desktop_core@1 to /home/aurevelle/.config/discord/0.0.69/modules/pending/discord_desktop_core-1.zip: 24%
2024-09-29T08:23:33.228Z [Modules] Streaming discord_desktop_core@1 to /home/aurevelle/.config/discord/0.0.69/modules/pending/discord_desktop_core-1.zip: 27%
2024-09-29T08:23:33.231Z [Modules] Streaming discord_desktop_core@1 to /home/aurevelle/.config/discord/0.0.69/modules/pending/discord_desktop_core-1.zip: 29%
2024-09-29T08:23:33.234Z [Modules] Streaming discord_desktop_core@1 to /home/aurevelle/.config/discord/0.0.69/modules/pending/discord_desktop_core-1.zip: 30%
2024-09-29T08:23:33.236Z [Modules] Streaming discord_desktop_core@1 to /home/aurevelle/.config/discord/0.0.69/modules/pending/discord_desktop_core-1.zip: 31%
2024-09-29T08:23:33.239Z [Modules] Streaming discord_desktop_core@1 to /home/aurevelle/.config/discord/0.0.69/modules/pending/discord_desktop_core-1.zip: 33%
2024-09-29T08:23:33.248Z [Modules] Streaming discord_desktop_core@1 to /home/aurevelle/.config/discord/0.0.69/modules/pending/discord_desktop_core-1.zip: 35%
2024-09-29T08:23:33.300Z [Modules] Streaming discord_desktop_core@1 to /home/aurevelle/.config/discord/0.0.69/modules/pending/discord_desktop_core-1.zip: 36%
2024-09-29T08:23:33.306Z [Modules] Streaming discord_desktop_core@1 to /home/aurevelle/.config/discord/0.0.69/modules/pending/discord_desktop_core-1.zip: 37%
2024-09-29T08:23:33.312Z [Modules] Streaming discord_desktop_core@1 to /home/aurevelle/.config/discord/0.0.69/modules/pending/discord_desktop_core-1.zip: 40%
2024-09-29T08:23:33.317Z [Modules] Streaming discord_desktop_core@1 to /home/aurevelle/.config/discord/0.0.69/modules/pending/discord_desktop_core-1.zip: 42%
2024-09-29T08:23:33.323Z [Modules] Streaming discord_desktop_core@1 to /home/aurevelle/.config/discord/0.0.69/modules/pending/discord_desktop_core-1.zip: 43%
2024-09-29T08:23:33.330Z [Modules] Streaming discord_desktop_core@1 to /home/aurevelle/.config/discord/0.0.69/modules/pending/discord_desktop_core-1.zip: 45%
2024-09-29T08:23:33.336Z [Modules] Streaming discord_desktop_core@1 to /home/aurevelle/.config/discord/0.0.69/modules/pending/discord_desktop_core-1.zip: 46%
2024-09-29T08:23:33.341Z [Modules] Streaming discord_desktop_core@1 to /home/aurevelle/.config/discord/0.0.69/modules/pending/discord_desktop_core-1.zip: 47%
2024-09-29T08:23:33.347Z [Modules] Streaming discord_desktop_core@1 to /home/aurevelle/.config/discord/0.0.69/modules/pending/discord_desktop_core-1.zip: 50%
2024-09-29T08:23:33.348Z [Modules] Streaming discord_desktop_core@1 to /home/aurevelle/.config/discord/0.0.69/modules/pending/discord_desktop_core-1.zip: 52%
2024-09-29T08:23:33.363Z [Modules] Streaming discord_desktop_core@1 to /home/aurevelle/.config/discord/0.0.69/modules/pending/discord_desktop_core-1.zip: 54%
2024-09-29T08:23:33.364Z [Modules] Streaming discord_desktop_core@1 to /home/aurevelle/.config/discord/0.0.69/modules/pending/discord_desktop_core-1.zip: 56%
2024-09-29T08:23:33.377Z [Modules] Streaming discord_desktop_core@1 to /home/aurevelle/.config/discord/0.0.69/modules/pending/discord_desktop_core-1.zip: 57%
2024-09-29T08:23:33.384Z [Modules] Streaming discord_desktop_core@1 to /home/aurevelle/.config/discord/0.0.69/modules/pending/discord_desktop_core-1.zip: 60%
2024-09-29T08:23:33.385Z [Modules] Streaming discord_desktop_core@1 to /home/aurevelle/.config/discord/0.0.69/modules/pending/discord_desktop_core-1.zip: 62%
2024-09-29T08:23:33.403Z [Modules] Streaming discord_desktop_core@1 to /home/aurevelle/.config/discord/0.0.69/modules/pending/discord_desktop_core-1.zip: 63%
2024-09-29T08:23:34.164Z [Modules] Streaming discord_desktop_core@1 to /home/aurevelle/.config/discord/0.0.69/modules/pending/discord_desktop_core-1.zip: 64%
2024-09-29T08:23:36.581Z [Modules] Streaming discord_desktop_core@1 to /home/aurevelle/.config/discord/0.0.69/modules/pending/discord_desktop_core-1.zip: 66%
2024-09-29T08:23:36.583Z [Modules] Streaming discord_desktop_core@1 to /home/aurevelle/.config/discord/0.0.69/modules/pending/discord_desktop_core-1.zip: 75%
2024-09-29T08:23:36.584Z [Modules] Streaming discord_desktop_core@1 to /home/aurevelle/.config/discord/0.0.69/modules/pending/discord_desktop_core-1.zip: 81%
2024-09-29T08:23:36.586Z [Modules] Streaming discord_desktop_core@1 to /home/aurevelle/.config/discord/0.0.69/modules/pending/discord_desktop_core-1.zip: 86%
2024-09-29T08:23:36.587Z [Modules] Streaming discord_desktop_core@1 to /home/aurevelle/.config/discord/0.0.69/modules/pending/discord_desktop_core-1.zip: 91%
2024-09-29T08:23:36.587Z [Modules] Streaming discord_desktop_core@1 to /home/aurevelle/.config/discord/0.0.69/modules/pending/discord_desktop_core-1.zip: 97%
2024-09-29T08:23:36.588Z [Modules] Streaming discord_desktop_core@1 to /home/aurevelle/.config/discord/0.0.69/modules/pending/discord_desktop_core-1.zip: 100%
2024-09-29T08:23:36.591Z [Modules] Fetching discord_erlpack@1 from https://discord.com/api/modules/stable/discord_erlpack/1
2024-09-29T08:23:36.591Z [Modules] Streaming discord_erlpack@1 to /home/aurevelle/.config/discord/0.0.69/modules/pending/discord_erlpack-1.zip
2024-09-29T08:23:36.961Z [Modules] Streaming discord_erlpack@1 to /home/aurevelle/.config/discord/0.0.69/modules/pending/discord_erlpack-1.zip: 1%
2024-09-29T08:23:36.969Z [Modules] Streaming discord_erlpack@1 to /home/aurevelle/.config/discord/0.0.69/modules/pending/discord_erlpack-1.zip: 4%
2024-09-29T08:23:36.970Z [Modules] Streaming discord_erlpack@1 to /home/aurevelle/.config/discord/0.0.69/modules/pending/discord_erlpack-1.zip: 6%
2024-09-29T08:23:36.976Z [Modules] Streaming discord_erlpack@1 to /home/aurevelle/.config/discord/0.0.69/modules/pending/discord_erlpack-1.zip: 9%
2024-09-29T08:23:36.977Z [Modules] Streaming discord_erlpack@1 to /home/aurevelle/.config/discord/0.0.69/modules/pending/discord_erlpack-1.zip: 12%
2024-09-29T08:23:36.983Z [Modules] Streaming discord_erlpack@1 to /home/aurevelle/.config/discord/0.0.69/modules/pending/discord_erlpack-1.zip: 15%
2024-09-29T08:23:36.984Z [Modules] Streaming discord_erlpack@1 to /home/aurevelle/.config/discord/0.0.69/modules/pending/discord_erlpack-1.zip: 18%
2024-09-29T08:23:36.995Z [Modules] Streaming discord_erlpack@1 to /home/aurevelle/.config/discord/0.0.69/modules/pending/discord_erlpack-1.zip: 19%
2024-09-29T08:23:36.999Z [Modules] Streaming discord_erlpack@1 to /home/aurevelle/.config/discord/0.0.69/modules/pending/discord_erlpack-1.zip: 22%
2024-09-29T08:23:37.000Z [Modules] Streaming discord_erlpack@1 to /home/aurevelle/.config/discord/0.0.69/modules/pending/discord_erlpack-1.zip: 24%
2024-09-29T08:23:37.010Z [Modules] Streaming discord_erlpack@1 to /home/aurevelle/.config/discord/0.0.69/modules/pending/discord_erlpack-1.zip: 25%
2024-09-29T08:23:37.018Z [Modules] Streaming discord_erlpack@1 to /home/aurevelle/.config/discord/0.0.69/modules/pending/discord_erlpack-1.zip: 28%
2024-09-29T08:23:37.030Z [Modules] Streaming discord_erlpack@1 to /home/aurevelle/.config/discord/0.0.69/modules/pending/discord_erlpack-1.zip: 30%
2024-09-29T08:23:37.194Z [Modules] Streaming discord_erlpack@1 to /home/aurevelle/.config/discord/0.0.69/modules/pending/discord_erlpack-1.zip: 31%
2024-09-29T08:23:37.200Z [Modules] Streaming discord_erlpack@1 to /home/aurevelle/.config/discord/0.0.69/modules/pending/discord_erlpack-1.zip: 34%
2024-09-29T08:23:37.201Z [Modules] Streaming discord_erlpack@1 to /home/aurevelle/.config/discord/0.0.69/modules/pending/discord_erlpack-1.zip: 41%
2024-09-29T08:23:37.203Z [Modules] Streaming discord_erlpack@1 to /home/aurevelle/.config/discord/0.0.69/modules/pending/discord_erlpack-1.zip: 50%
2024-09-29T08:23:37.204Z [Modules] Streaming discord_erlpack@1 to /home/aurevelle/.config/discord/0.0.69/modules/pending/discord_erlpack-1.zip: 62%
2024-09-29T08:23:37.205Z [Modules] Streaming discord_erlpack@1 to /home/aurevelle/.config/discord/0.0.69/modules/pending/discord_erlpack-1.zip: 68%
2024-09-29T08:23:37.206Z [Modules] Streaming discord_erlpack@1 to /home/aurevelle/.config/discord/0.0.69/modules/pending/discord_erlpack-1.zip: 71%
2024-09-29T08:23:37.207Z [Modules] Streaming discord_erlpack@1 to /home/aurevelle/.config/discord/0.0.69/modules/pending/discord_erlpack-1.zip: 74%
2024-09-29T08:23:37.214Z [Modules] Streaming discord_erlpack@1 to /home/aurevelle/.config/discord/0.0.69/modules/pending/discord_erlpack-1.zip: 76%
2024-09-29T08:23:37.221Z [Modules] Streaming discord_erlpack@1 to /home/aurevelle/.config/discord/0.0.69/modules/pending/discord_erlpack-1.zip: 78%
2024-09-29T08:23:37.225Z [Modules] Streaming discord_erlpack@1 to /home/aurevelle/.config/discord/0.0.69/modules/pending/discord_erlpack-1.zip: 79%
2024-09-29T08:23:37.230Z [Modules] Streaming discord_erlpack@1 to /home/aurevelle/.config/discord/0.0.69/modules/pending/discord_erlpack-1.zip: 80%
2024-09-29T08:23:37.235Z [Modules] Streaming discord_erlpack@1 to /home/aurevelle/.config/discord/0.0.69/modules/pending/discord_erlpack-1.zip: 82%
2024-09-29T08:23:37.246Z [Modules] Streaming discord_erlpack@1 to /home/aurevelle/.config/discord/0.0.69/modules/pending/discord_erlpack-1.zip: 84%
2024-09-29T08:23:37.248Z [Modules] Streaming discord_erlpack@1 to /home/aurevelle/.config/discord/0.0.69/modules/pending/discord_erlpack-1.zip: 87%
2024-09-29T08:23:37.249Z [Modules] Streaming discord_erlpack@1 to /home/aurevelle/.config/discord/0.0.69/modules/pending/discord_erlpack-1.zip: 90%
2024-09-29T08:23:37.256Z [Modules] Streaming discord_erlpack@1 to /home/aurevelle/.config/discord/0.0.69/modules/pending/discord_erlpack-1.zip: 91%
2024-09-29T08:23:37.311Z [Modules] Streaming discord_erlpack@1 to /home/aurevelle/.config/discord/0.0.69/modules/pending/discord_erlpack-1.zip: 92%
2024-09-29T08:23:37.316Z [Modules] Streaming discord_erlpack@1 to /home/aurevelle/.config/discord/0.0.69/modules/pending/discord_erlpack-1.zip: 93%
2024-09-29T08:23:37.322Z [Modules] Streaming discord_erlpack@1 to /home/aurevelle/.config/discord/0.0.69/modules/pending/discord_erlpack-1.zip: 95%
2024-09-29T08:23:37.327Z [Modules] Streaming discord_erlpack@1 to /home/aurevelle/.config/discord/0.0.69/modules/pending/discord_erlpack-1.zip: 96%
2024-09-29T08:23:37.334Z [Modules] Streaming discord_erlpack@1 to /home/aurevelle/.config/discord/0.0.69/modules/pending/discord_erlpack-1.zip: 97%
2024-09-29T08:23:37.335Z [Modules] Streaming discord_erlpack@1 to /home/aurevelle/.config/discord/0.0.69/modules/pending/discord_erlpack-1.zip: 100%
2024-09-29T08:23:37.336Z [Modules] Fetching discord_spellcheck@1 from https://discord.com/api/modules/stable/discord_spellcheck/1
2024-09-29T08:23:37.336Z [Modules] Streaming discord_spellcheck@1 to /home/aurevelle/.config/discord/0.0.69/modules/pending/discord_spellcheck-1.zip
2024-09-29T08:23:37.762Z [Modules] Streaming discord_spellcheck@1 to /home/aurevelle/.config/discord/0.0.69/modules/pending/discord_spellcheck-1.zip: 1%
2024-09-29T08:23:37.881Z [Modules] Streaming discord_spellcheck@1 to /home/aurevelle/.config/discord/0.0.69/modules/pending/discord_spellcheck-1.zip: 2%
2024-09-29T08:23:37.960Z [Modules] Streaming discord_spellcheck@1 to /home/aurevelle/.config/discord/0.0.69/modules/pending/discord_spellcheck-1.zip: 3%
2024-09-29T08:23:38.079Z [Modules] Streaming discord_spellcheck@1 to /home/aurevelle/.config/discord/0.0.69/modules/pending/discord_spellcheck-1.zip: 4%
2024-09-29T08:23:38.179Z [Modules] Streaming discord_spellcheck@1 to /home/aurevelle/.config/discord/0.0.69/modules/pending/discord_spellcheck-1.zip: 5%
2024-09-29T08:23:38.309Z [Modules] Streaming discord_spellcheck@1 to /home/aurevelle/.config/discord/0.0.69/modules/pending/discord_spellcheck-1.zip: 6%
2024-09-29T08:23:38.403Z [Modules] Streaming discord_spellcheck@1 to /home/aurevelle/.config/discord/0.0.69/modules/pending/discord_spellcheck-1.zip: 7%
2024-09-29T08:23:38.491Z [Modules] Streaming discord_spellcheck@1 to /home/aurevelle/.config/discord/0.0.69/modules/pending/discord_spellcheck-1.zip: 8%
2024-09-29T08:23:38.574Z [Modules] Streaming discord_spellcheck@1 to /home/aurevelle/.config/discord/0.0.69/modules/pending/discord_spellcheck-1.zip: 9%
2024-09-29T08:23:38.643Z [Modules] Streaming discord_spellcheck@1 to /home/aurevelle/.config/discord/0.0.69/modules/pending/discord_spellcheck-1.zip: 10%
2024-09-29T08:23:38.713Z [Modules] Streaming discord_spellcheck@1 to /home/aurevelle/.config/discord/0.0.69/modules/pending/discord_spellcheck-1.zip: 11%
2024-09-29T08:23:38.779Z [Modules] Streaming discord_spellcheck@1 to /home/aurevelle/.config/discord/0.0.69/modules/pending/discord_spellcheck-1.zip: 12%
2024-09-29T08:23:38.833Z [Modules] Streaming discord_spellcheck@1 to /home/aurevelle/.config/discord/0.0.69/modules/pending/discord_spellcheck-1.zip: 13%
2024-09-29T08:23:38.936Z [Modules] Streaming discord_spellcheck@1 to /home/aurevelle/.config/discord/0.0.69/modules/pending/discord_spellcheck-1.zip: 14%
2024-09-29T08:23:39.005Z [Modules] Streaming discord_spellcheck@1 to /home/aurevelle/.config/discord/0.0.69/modules/pending/discord_spellcheck-1.zip: 15%
2024-09-29T08:23:39.057Z [Modules] Streaming discord_spellcheck@1 to /home/aurevelle/.config/discord/0.0.69/modules/pending/discord_spellcheck-1.zip: 16%
2024-09-29T08:23:39.114Z [Modules] Streaming discord_spellcheck@1 to /home/aurevelle/.config/discord/0.0.69/modules/pending/discord_spellcheck-1.zip: 17%
2024-09-29T08:23:39.160Z [Modules] Streaming discord_spellcheck@1 to /home/aurevelle/.config/discord/0.0.69/modules/pending/discord_spellcheck-1.zip: 18%
2024-09-29T08:23:39.208Z [Modules] Streaming discord_spellcheck@1 to /home/aurevelle/.config/discord/0.0.69/modules/pending/discord_spellcheck-1.zip: 19%
2024-09-29T08:23:39.254Z [Modules] Streaming discord_spellcheck@1 to /home/aurevelle/.config/discord/0.0.69/modules/pending/discord_spellcheck-1.zip: 20%
2024-09-29T08:23:39.295Z [Modules] Streaming discord_spellcheck@1 to /home/aurevelle/.config/discord/0.0.69/modules/pending/discord_spellcheck-1.zip: 21%
2024-09-29T08:23:39.386Z [Modules] Streaming discord_spellcheck@1 to /home/aurevelle/.config/discord/0.0.69/modules/pending/discord_spellcheck-1.zip: 22%
2024-09-29T08:23:39.438Z [Modules] Streaming discord_spellcheck@1 to /home/aurevelle/.config/discord/0.0.69/modules/pending/discord_spellcheck-1.zip: 23%
2024-09-29T08:23:39.471Z [Modules] Streaming discord_spellcheck@1 to /home/aurevelle/.config/discord/0.0.69/modules/pending/discord_spellcheck-1.zip: 24%
2024-09-29T08:23:39.509Z [Modules] Streaming discord_spellcheck@1 to /home/aurevelle/.config/discord/0.0.69/modules/pending/discord_spellcheck-1.zip: 25%
2024-09-29T08:23:39.553Z [Modules] Streaming discord_spellcheck@1 to /home/aurevelle/.config/discord/0.0.69/modules/pending/discord_spellcheck-1.zip: 26%
2024-09-29T08:23:39.597Z [Modules] Streaming discord_spellcheck@1 to /home/aurevelle/.config/discord/0.0.69/modules/pending/discord_spellcheck-1.zip: 27%
2024-09-29T08:23:39.629Z [Modules] Streaming discord_spellcheck@1 to /home/aurevelle/.config/discord/0.0.69/modules/pending/discord_spellcheck-1.zip: 28%
2024-09-29T08:23:39.665Z [Modules] Streaming discord_spellcheck@1 to /home/aurevelle/.config/discord/0.0.69/modules/pending/discord_spellcheck-1.zip: 29%
2024-09-29T08:23:39.702Z [Modules] Streaming discord_spellcheck@1 to /home/aurevelle/.config/discord/0.0.69/modules/pending/discord_spellcheck-1.zip: 30%
2024-09-29T08:23:39.733Z [Modules] Streaming discord_spellcheck@1 to /home/aurevelle/.config/discord/0.0.69/modules/pending/discord_spellcheck-1.zip: 31%
2024-09-29T08:23:39.826Z [Modules] Streaming discord_spellcheck@1 to /home/aurevelle/.config/discord/0.0.69/modules/pending/discord_spellcheck-1.zip: 32%
2024-09-29T08:23:39.909Z [Modules] Streaming discord_spellcheck@1 to /home/aurevelle/.config/discord/0.0.69/modules/pending/discord_spellcheck-1.zip: 33%
2024-09-29T08:23:39.920Z [Modules] Streaming discord_spellcheck@1 to /home/aurevelle/.config/discord/0.0.69/modules/pending/discord_spellcheck-1.zip: 34%
2024-09-29T08:23:39.949Z [Modules] Streaming discord_spellcheck@1 to /home/aurevelle/.config/discord/0.0.69/modules/pending/discord_spellcheck-1.zip: 35%
2024-09-29T08:23:39.957Z [Modules] Streaming discord_spellcheck@1 to /home/aurevelle/.config/discord/0.0.69/modules/pending/discord_spellcheck-1.zip: 36%
2024-09-29T08:23:39.981Z [Modules] Streaming discord_spellcheck@1 to /home/aurevelle/.config/discord/0.0.69/modules/pending/discord_spellcheck-1.zip: 37%
2024-09-29T08:23:40.007Z [Modules] Streaming discord_spellcheck@1 to /home/aurevelle/.config/discord/0.0.69/modules/pending/discord_spellcheck-1.zip: 38%
2024-09-29T08:23:40.046Z [Modules] Streaming discord_spellcheck@1 to /home/aurevelle/.config/discord/0.0.69/modules/pending/discord_spellcheck-1.zip: 39%
2024-09-29T08:23:40.059Z [Modules] Streaming discord_spellcheck@1 to /home/aurevelle/.config/discord/0.0.69/modules/pending/discord_spellcheck-1.zip: 40%
2024-09-29T08:23:40.087Z [Modules] Streaming discord_spellcheck@1 to /home/aurevelle/.config/discord/0.0.69/modules/pending/discord_spellcheck-1.zip: 41%
2024-09-29T08:23:40.111Z [Modules] Streaming discord_spellcheck@1 to /home/aurevelle/.config/discord/0.0.69/modules/pending/discord_spellcheck-1.zip: 42%
2024-09-29T08:23:40.144Z [Modules] Streaming discord_spellcheck@1 to /home/aurevelle/.config/discord/0.0.69/modules/pending/discord_spellcheck-1.zip: 43%
2024-09-29T08:23:40.175Z [Modules] Streaming discord_spellcheck@1 to /home/aurevelle/.config/discord/0.0.69/modules/pending/discord_spellcheck-1.zip: 44%
2024-09-29T08:23:40.207Z [Modules] Streaming discord_spellcheck@1 to /home/aurevelle/.config/discord/0.0.69/modules/pending/discord_spellcheck-1.zip: 45%
2024-09-29T08:23:40.228Z [Modules] Streaming discord_spellcheck@1 to /home/aurevelle/.config/discord/0.0.69/modules/pending/discord_spellcheck-1.zip: 46%
2024-09-29T08:23:40.255Z [Modules] Streaming discord_spellcheck@1 to /home/aurevelle/.config/discord/0.0.69/modules/pending/discord_spellcheck-1.zip: 47%
2024-09-29T08:23:40.259Z [Modules] Streaming discord_spellcheck@1 to /home/aurevelle/.config/discord/0.0.69/modules/pending/discord_spellcheck-1.zip: 48%
2024-09-29T08:23:40.277Z [Modules] Streaming discord_spellcheck@1 to /home/aurevelle/.config/discord/0.0.69/modules/pending/discord_spellcheck-1.zip: 49%
2024-09-29T08:23:40.296Z [Modules] Streaming discord_spellcheck@1 to /home/aurevelle/.config/discord/0.0.69/modules/pending/discord_spellcheck-1.zip: 50%
2024-09-29T08:23:40.319Z [Modules] Streaming discord_spellcheck@1 to /home/aurevelle/.config/discord/0.0.69/modules/pending/discord_spellcheck-1.zip: 51%
2024-09-29T08:23:40.334Z [Modules] Streaming discord_spellcheck@1 to /home/aurevelle/.config/discord/0.0.69/modules/pending/discord_spellcheck-1.zip: 52%
2024-09-29T08:23:40.408Z [Modules] Streaming discord_spellcheck@1 to /home/aurevelle/.config/discord/0.0.69/modules/pending/discord_spellcheck-1.zip: 53%
2024-09-29T08:23:40.429Z [Modules] Streaming discord_spellcheck@1 to /home/aurevelle/.config/discord/0.0.69/modules/pending/discord_spellcheck-1.zip: 54%
2024-09-29T08:23:40.454Z [Modules] Streaming discord_spellcheck@1 to /home/aurevelle/.config/discord/0.0.69/modules/pending/discord_spellcheck-1.zip: 55%
2024-09-29T08:23:40.473Z [Modules] Streaming discord_spellcheck@1 to /home/aurevelle/.config/discord/0.0.69/modules/pending/discord_spellcheck-1.zip: 56%
2024-09-29T08:23:40.495Z [Modules] Streaming discord_spellcheck@1 to /home/aurevelle/.config/discord/0.0.69/modules/pending/discord_spellcheck-1.zip: 57%
2024-09-29T08:23:40.519Z [Modules] Streaming discord_spellcheck@1 to /home/aurevelle/.config/discord/0.0.69/modules/pending/discord_spellcheck-1.zip: 58%
2024-09-29T08:23:40.542Z [Modules] Streaming discord_spellcheck@1 to /home/aurevelle/.config/discord/0.0.69/modules/pending/discord_spellcheck-1.zip: 59%
2024-09-29T08:23:40.567Z [Modules] Streaming discord_spellcheck@1 to /home/aurevelle/.config/discord/0.0.69/modules/pending/discord_spellcheck-1.zip: 60%
2024-09-29T08:23:40.605Z [Modules] Streaming discord_spellcheck@1 to /home/aurevelle/.config/discord/0.0.69/modules/pending/discord_spellcheck-1.zip: 61%
2024-09-29T08:23:40.663Z [Modules] Streaming discord_spellcheck@1 to /home/aurevelle/.config/discord/0.0.69/modules/pending/discord_spellcheck-1.zip: 62%
2024-09-29T08:23:40.705Z [Modules] Streaming discord_spellcheck@1 to /home/aurevelle/.config/discord/0.0.69/modules/pending/discord_spellcheck-1.zip: 63%
2024-09-29T08:23:40.722Z [Modules] Streaming discord_spellcheck@1 to /home/aurevelle/.config/discord/0.0.69/modules/pending/discord_spellcheck-1.zip: 64%
2024-09-29T08:23:40.737Z [Modules] Streaming discord_spellcheck@1 to /home/aurevelle/.config/discord/0.0.69/modules/pending/discord_spellcheck-1.zip: 65%
2024-09-29T08:23:40.749Z [Modules] Streaming discord_spellcheck@1 to /home/aurevelle/.config/discord/0.0.69/modules/pending/discord_spellcheck-1.zip: 66%
2024-09-29T08:23:40.775Z [Modules] Streaming discord_spellcheck@1 to /home/aurevelle/.config/discord/0.0.69/modules/pending/discord_spellcheck-1.zip: 67%
2024-09-29T08:23:40.788Z [Modules] Streaming discord_spellcheck@1 to /home/aurevelle/.config/discord/0.0.69/modules/pending/discord_spellcheck-1.zip: 68%
2024-09-29T08:23:40.789Z [Modules] Streaming discord_spellcheck@1 to /home/aurevelle/.config/discord/0.0.69/modules/pending/discord_spellcheck-1.zip: 69%
2024-09-29T08:23:40.912Z [Modules] Streaming discord_spellcheck@1 to /home/aurevelle/.config/discord/0.0.69/modules/pending/discord_spellcheck-1.zip: 70%
2024-09-29T08:23:40.913Z [Modules] Streaming discord_spellcheck@1 to /home/aurevelle/.config/discord/0.0.69/modules/pending/discord_spellcheck-1.zip: 73%
2024-09-29T08:23:40.942Z [Modules] Streaming discord_spellcheck@1 to /home/aurevelle/.config/discord/0.0.69/modules/pending/discord_spellcheck-1.zip: 74%
2024-09-29T08:23:41.101Z [Modules] Streaming discord_spellcheck@1 to /home/aurevelle/.config/discord/0.0.69/modules/pending/discord_spellcheck-1.zip: 75%
2024-09-29T08:23:41.148Z [Modules] Streaming discord_spellcheck@1 to /home/aurevelle/.config/discord/0.0.69/modules/pending/discord_spellcheck-1.zip: 76%
2024-09-29T08:23:41.154Z [Modules] Streaming discord_spellcheck@1 to /home/aurevelle/.config/discord/0.0.69/modules/pending/discord_spellcheck-1.zip: 77%
2024-09-29T08:23:41.206Z [Modules] Streaming discord_spellcheck@1 to /home/aurevelle/.config/discord/0.0.69/modules/pending/discord_spellcheck-1.zip: 78%
2024-09-29T08:23:41.322Z [Modules] Streaming discord_spellcheck@1 to /home/aurevelle/.config/discord/0.0.69/modules/pending/discord_spellcheck-1.zip: 79%
2024-09-29T08:23:41.379Z [Modules] Streaming discord_spellcheck@1 to /home/aurevelle/.config/discord/0.0.69/modules/pending/discord_spellcheck-1.zip: 80%
2024-09-29T08:23:41.397Z [Modules] Streaming discord_spellcheck@1 to /home/aurevelle/.config/discord/0.0.69/modules/pending/discord_spellcheck-1.zip: 81%
2024-09-29T08:23:41.409Z [Modules] Streaming discord_spellcheck@1 to /home/aurevelle/.config/discord/0.0.69/modules/pending/discord_spellcheck-1.zip: 82%
2024-09-29T08:23:41.430Z [Modules] Streaming discord_spellcheck@1 to /home/aurevelle/.config/discord/0.0.69/modules/pending/discord_spellcheck-1.zip: 83%
2024-09-29T08:23:41.495Z [Modules] Streaming discord_spellcheck@1 to /home/aurevelle/.config/discord/0.0.69/modules/pending/discord_spellcheck-1.zip: 84%
2024-09-29T08:23:41.517Z [Modules] Streaming discord_spellcheck@1 to /home/aurevelle/.config/discord/0.0.69/modules/pending/discord_spellcheck-1.zip: 85%
2024-09-29T08:23:41.880Z [Modules] Streaming discord_spellcheck@1 to /home/aurevelle/.config/discord/0.0.69/modules/pending/discord_spellcheck-1.zip: 86%
2024-09-29T08:23:41.881Z [Modules] Streaming discord_spellcheck@1 to /home/aurevelle/.config/discord/0.0.69/modules/pending/discord_spellcheck-1.zip: 88%
2024-09-29T08:23:41.882Z [Modules] Streaming discord_spellcheck@1 to /home/aurevelle/.config/discord/0.0.69/modules/pending/discord_spellcheck-1.zip: 90%
2024-09-29T08:23:41.883Z [Modules] Streaming discord_spellcheck@1 to /home/aurevelle/.config/discord/0.0.69/modules/pending/discord_spellcheck-1.zip: 91%
2024-09-29T08:23:41.903Z [Modules] Streaming discord_spellcheck@1 to /home/aurevelle/.config/discord/0.0.69/modules/pending/discord_spellcheck-1.zip: 92%
2024-09-29T08:23:41.923Z [Modules] Streaming discord_spellcheck@1 to /home/aurevelle/.config/discord/0.0.69/modules/pending/discord_spellcheck-1.zip: 93%
2024-09-29T08:23:41.947Z [Modules] Streaming discord_spellcheck@1 to /home/aurevelle/.config/discord/0.0.69/modules/pending/discord_spellcheck-1.zip: 94%
2024-09-29T08:23:41.983Z [Modules] Streaming discord_spellcheck@1 to /home/aurevelle/.config/discord/0.0.69/modules/pending/discord_spellcheck-1.zip: 95%
2024-09-29T08:23:42.000Z [Modules] Streaming discord_spellcheck@1 to /home/aurevelle/.config/discord/0.0.69/modules/pending/discord_spellcheck-1.zip: 96%
2024-09-29T08:23:42.032Z [Modules] Streaming discord_spellcheck@1 to /home/aurevelle/.config/discord/0.0.69/modules/pending/discord_spellcheck-1.zip: 97%
2024-09-29T08:23:42.078Z [Modules] Streaming discord_spellcheck@1 to /home/aurevelle/.config/discord/0.0.69/modules/pending/discord_spellcheck-1.zip: 98%
2024-09-29T08:23:42.078Z [Modules] Streaming discord_spellcheck@1 to /home/aurevelle/.config/discord/0.0.69/modules/pending/discord_spellcheck-1.zip: 99%
2024-09-29T08:23:42.087Z [Modules] Streaming discord_spellcheck@1 to /home/aurevelle/.config/discord/0.0.69/modules/pending/discord_spellcheck-1.zip: 100%
2024-09-29T08:23:42.088Z [Modules] Fetching discord_utils@1 from https://discord.com/api/modules/stable/discord_utils/1
2024-09-29T08:23:42.088Z [Modules] Streaming discord_utils@1 to /home/aurevelle/.config/discord/0.0.69/modules/pending/discord_utils-1.zip
2024-09-29T08:23:42.499Z [Modules] Streaming discord_utils@1 to /home/aurevelle/.config/discord/0.0.69/modules/pending/discord_utils-1.zip: 1%
2024-09-29T08:23:42.508Z [Modules] Streaming discord_utils@1 to /home/aurevelle/.config/discord/0.0.69/modules/pending/discord_utils-1.zip: 2%
2024-09-29T08:23:42.513Z [Modules] Streaming discord_utils@1 to /home/aurevelle/.config/discord/0.0.69/modules/pending/discord_utils-1.zip: 3%
2024-09-29T08:23:42.519Z [Modules] Streaming discord_utils@1 to /home/aurevelle/.config/discord/0.0.69/modules/pending/discord_utils-1.zip: 4%
2024-09-29T08:23:42.522Z [Modules] Streaming discord_utils@1 to /home/aurevelle/.config/discord/0.0.69/modules/pending/discord_utils-1.zip: 5%
2024-09-29T08:23:42.525Z [Modules] Streaming discord_utils@1 to /home/aurevelle/.config/discord/0.0.69/modules/pending/discord_utils-1.zip: 6%
2024-09-29T08:23:42.528Z [Modules] Streaming discord_utils@1 to /home/aurevelle/.config/discord/0.0.69/modules/pending/discord_utils-1.zip: 7%
2024-09-29T08:23:42.531Z [Modules] Streaming discord_utils@1 to /home/aurevelle/.config/discord/0.0.69/modules/pending/discord_utils-1.zip: 8%
2024-09-29T08:23:42.535Z [Modules] Streaming discord_utils@1 to /home/aurevelle/.config/discord/0.0.69/modules/pending/discord_utils-1.zip: 9%
2024-09-29T08:23:42.543Z [Modules] Streaming discord_utils@1 to /home/aurevelle/.config/discord/0.0.69/modules/pending/discord_utils-1.zip: 11%
2024-09-29T08:23:42.549Z [Modules] Streaming discord_utils@1 to /home/aurevelle/.config/discord/0.0.69/modules/pending/discord_utils-1.zip: 13%
2024-09-29T08:23:42.551Z [Modules] Streaming discord_utils@1 to /home/aurevelle/.config/discord/0.0.69/modules/pending/discord_utils-1.zip: 15%
2024-09-29T08:23:42.554Z [Modules] Streaming discord_utils@1 to /home/aurevelle/.config/discord/0.0.69/modules/pending/discord_utils-1.zip: 16%
2024-09-29T08:23:42.558Z [Modules] Streaming discord_utils@1 to /home/aurevelle/.config/discord/0.0.69/modules/pending/discord_utils-1.zip: 17%
2024-09-29T08:23:42.561Z [Modules] Streaming discord_utils@1 to /home/aurevelle/.config/discord/0.0.69/modules/pending/discord_utils-1.zip: 18%
2024-09-29T08:23:42.569Z [Modules] Streaming discord_utils@1 to /home/aurevelle/.config/discord/0.0.69/modules/pending/discord_utils-1.zip: 20%
2024-09-29T08:23:42.570Z [Modules] Streaming discord_utils@1 to /home/aurevelle/.config/discord/0.0.69/modules/pending/discord_utils-1.zip: 23%
2024-09-29T08:23:42.577Z [Modules] Streaming discord_utils@1 to /home/aurevelle/.config/discord/0.0.69/modules/pending/discord_utils-1.zip: 25%
2024-09-29T08:23:42.578Z [Modules] Streaming discord_utils@1 to /home/aurevelle/.config/discord/0.0.69/modules/pending/discord_utils-1.zip: 27%
2024-09-29T08:23:42.584Z [Modules] Streaming discord_utils@1 to /home/aurevelle/.config/discord/0.0.69/modules/pending/discord_utils-1.zip: 28%
2024-09-29T08:23:42.601Z [Modules] Streaming discord_utils@1 to /home/aurevelle/.config/discord/0.0.69/modules/pending/discord_utils-1.zip: 30%
2024-09-29T08:23:42.602Z [Modules] Streaming discord_utils@1 to /home/aurevelle/.config/discord/0.0.69/modules/pending/discord_utils-1.zip: 32%
2024-09-29T08:23:42.607Z [Modules] Streaming discord_utils@1 to /home/aurevelle/.config/discord/0.0.69/modules/pending/discord_utils-1.zip: 34%
2024-09-29T08:23:42.610Z [Modules] Streaming discord_utils@1 to /home/aurevelle/.config/discord/0.0.69/modules/pending/discord_utils-1.zip: 35%
2024-09-29T08:23:42.613Z [Modules] Streaming discord_utils@1 to /home/aurevelle/.config/discord/0.0.69/modules/pending/discord_utils-1.zip: 36%
2024-09-29T08:23:42.619Z [Modules] Streaming discord_utils@1 to /home/aurevelle/.config/discord/0.0.69/modules/pending/discord_utils-1.zip: 37%
2024-09-29T08:23:42.629Z [Modules] Streaming discord_utils@1 to /home/aurevelle/.config/discord/0.0.69/modules/pending/discord_utils-1.zip: 39%
2024-09-29T08:23:42.630Z [Modules] Streaming discord_utils@1 to /home/aurevelle/.config/discord/0.0.69/modules/pending/discord_utils-1.zip: 41%
2024-09-29T08:23:42.635Z [Modules] Streaming discord_utils@1 to /home/aurevelle/.config/discord/0.0.69/modules/pending/discord_utils-1.zip: 42%
2024-09-29T08:23:42.638Z [Modules] Streaming discord_utils@1 to /home/aurevelle/.config/discord/0.0.69/modules/pending/discord_utils-1.zip: 44%
2024-09-29T08:23:42.644Z [Modules] Streaming discord_utils@1 to /home/aurevelle/.config/discord/0.0.69/modules/pending/discord_utils-1.zip: 46%
2024-09-29T08:23:42.656Z [Modules] Streaming discord_utils@1 to /home/aurevelle/.config/discord/0.0.69/modules/pending/discord_utils-1.zip: 47%
2024-09-29T08:23:42.657Z [Modules] Streaming discord_utils@1 to /home/aurevelle/.config/discord/0.0.69/modules/pending/discord_utils-1.zip: 50%
2024-09-29T08:23:42.666Z [Modules] Streaming discord_utils@1 to /home/aurevelle/.config/discord/0.0.69/modules/pending/discord_utils-1.zip: 51%
2024-09-29T08:23:42.675Z [Modules] Streaming discord_utils@1 to /home/aurevelle/.config/discord/0.0.69/modules/pending/discord_utils-1.zip: 55%
2024-09-29T08:23:42.713Z [Modules] Streaming discord_utils@1 to /home/aurevelle/.config/discord/0.0.69/modules/pending/discord_utils-1.zip: 57%
2024-09-29T08:23:42.714Z [Modules] Streaming discord_utils@1 to /home/aurevelle/.config/discord/0.0.69/modules/pending/discord_utils-1.zip: 58%
2024-09-29T08:23:42.732Z [Modules] Streaming discord_utils@1 to /home/aurevelle/.config/discord/0.0.69/modules/pending/discord_utils-1.zip: 62%
2024-09-29T08:23:42.734Z [Modules] Streaming discord_utils@1 to /home/aurevelle/.config/discord/0.0.69/modules/pending/discord_utils-1.zip: 64%
2024-09-29T08:23:42.735Z [Modules] Streaming discord_utils@1 to /home/aurevelle/.config/discord/0.0.69/modules/pending/discord_utils-1.zip: 68%
2024-09-29T08:23:42.746Z [Modules] Streaming discord_utils@1 to /home/aurevelle/.config/discord/0.0.69/modules/pending/discord_utils-1.zip: 69%
2024-09-29T08:23:42.752Z [Modules] Streaming discord_utils@1 to /home/aurevelle/.config/discord/0.0.69/modules/pending/discord_utils-1.zip: 71%
2024-09-29T08:23:42.752Z [Modules] Streaming discord_utils@1 to /home/aurevelle/.config/discord/0.0.69/modules/pending/discord_utils-1.zip: 72%
2024-09-29T08:23:42.760Z [Modules] Streaming discord_utils@1 to /home/aurevelle/.config/discord/0.0.69/modules/pending/discord_utils-1.zip: 74%
2024-09-29T08:23:42.761Z [Modules] Streaming discord_utils@1 to /home/aurevelle/.config/discord/0.0.69/modules/pending/discord_utils-1.zip: 76%
2024-09-29T08:23:42.765Z [Modules] Streaming discord_utils@1 to /home/aurevelle/.config/discord/0.0.69/modules/pending/discord_utils-1.zip: 78%
2024-09-29T08:23:42.776Z [Modules] Streaming discord_utils@1 to /home/aurevelle/.config/discord/0.0.69/modules/pending/discord_utils-1.zip: 79%
2024-09-29T08:23:42.781Z [Modules] Streaming discord_utils@1 to /home/aurevelle/.config/discord/0.0.69/modules/pending/discord_utils-1.zip: 81%
2024-09-29T08:23:42.782Z [Modules] Streaming discord_utils@1 to /home/aurevelle/.config/discord/0.0.69/modules/pending/discord_utils-1.zip: 85%
2024-09-29T08:23:42.790Z [Modules] Streaming discord_utils@1 to /home/aurevelle/.config/discord/0.0.69/modules/pending/discord_utils-1.zip: 86%
2024-09-29T08:23:42.797Z [Modules] Streaming discord_utils@1 to /home/aurevelle/.config/discord/0.0.69/modules/pending/discord_utils-1.zip: 87%
2024-09-29T08:23:42.823Z [Modules] Streaming discord_utils@1 to /home/aurevelle/.config/discord/0.0.69/modules/pending/discord_utils-1.zip: 89%
2024-09-29T08:23:42.830Z [Modules] Streaming discord_utils@1 to /home/aurevelle/.config/discord/0.0.69/modules/pending/discord_utils-1.zip: 90%
2024-09-29T08:23:42.833Z [Modules] Streaming discord_utils@1 to /home/aurevelle/.config/discord/0.0.69/modules/pending/discord_utils-1.zip: 92%
2024-09-29T08:23:42.834Z [Modules] Streaming discord_utils@1 to /home/aurevelle/.config/discord/0.0.69/modules/pending/discord_utils-1.zip: 95%
2024-09-29T08:23:42.836Z [Modules] Streaming discord_utils@1 to /home/aurevelle/.config/discord/0.0.69/modules/pending/discord_utils-1.zip: 96%
2024-09-29T08:23:42.839Z [Modules] Streaming discord_utils@1 to /home/aurevelle/.config/discord/0.0.69/modules/pending/discord_utils-1.zip: 97%
2024-09-29T08:23:42.844Z [Modules] Streaming discord_utils@1 to /home/aurevelle/.config/discord/0.0.69/modules/pending/discord_utils-1.zip: 98%
2024-09-29T08:23:42.846Z [Modules] Streaming discord_utils@1 to /home/aurevelle/.config/discord/0.0.69/modules/pending/discord_utils-1.zip: 99%
2024-09-29T08:23:42.859Z [Modules] Streaming discord_utils@1 to /home/aurevelle/.config/discord/0.0.69/modules/pending/discord_utils-1.zip: 100%
2024-09-29T08:23:42.861Z [Modules] Fetching discord_voice@1 from https://discord.com/api/modules/stable/discord_voice/1
2024-09-29T08:23:42.861Z [Modules] Streaming discord_voice@1 to /home/aurevelle/.config/discord/0.0.69/modules/pending/discord_voice-1.zip
2024-09-29T08:23:43.243Z [Modules] Streaming discord_voice@1 to /home/aurevelle/.config/discord/0.0.69/modules/pending/discord_voice-1.zip: 1%
2024-09-29T08:23:43.293Z [Modules] Streaming discord_voice@1 to /home/aurevelle/.config/discord/0.0.69/modules/pending/discord_voice-1.zip: 2%
2024-09-29T08:23:43.332Z [Modules] Streaming discord_voice@1 to /home/aurevelle/.config/discord/0.0.69/modules/pending/discord_voice-1.zip: 3%
2024-09-29T08:23:43.377Z [Modules] Streaming discord_voice@1 to /home/aurevelle/.config/discord/0.0.69/modules/pending/discord_voice-1.zip: 4%
2024-09-29T08:23:43.411Z [Modules] Streaming discord_voice@1 to /home/aurevelle/.config/discord/0.0.69/modules/pending/discord_voice-1.zip: 5%
2024-09-29T08:23:43.448Z [Modules] Streaming discord_voice@1 to /home/aurevelle/.config/discord/0.0.69/modules/pending/discord_voice-1.zip: 6%
2024-09-29T08:23:43.488Z [Modules] Streaming discord_voice@1 to /home/aurevelle/.config/discord/0.0.69/modules/pending/discord_voice-1.zip: 7%
2024-09-29T08:23:43.522Z [Modules] Streaming discord_voice@1 to /home/aurevelle/.config/discord/0.0.69/modules/pending/discord_voice-1.zip: 8%
2024-09-29T08:23:43.551Z [Modules] Streaming discord_voice@1 to /home/aurevelle/.config/discord/0.0.69/modules/pending/discord_voice-1.zip: 9%
2024-09-29T08:23:43.592Z [Modules] Streaming discord_voice@1 to /home/aurevelle/.config/discord/0.0.69/modules/pending/discord_voice-1.zip: 10%
2024-09-29T08:23:43.614Z [Modules] Streaming discord_voice@1 to /home/aurevelle/.config/discord/0.0.69/modules/pending/discord_voice-1.zip: 11%
2024-09-29T08:23:43.653Z [Modules] Streaming discord_voice@1 to /home/aurevelle/.config/discord/0.0.69/modules/pending/discord_voice-1.zip: 12%
2024-09-29T08:23:43.732Z [Modules] Streaming discord_voice@1 to /home/aurevelle/.config/discord/0.0.69/modules/pending/discord_voice-1.zip: 13%
2024-09-29T08:23:43.797Z [Modules] Streaming discord_voice@1 to /home/aurevelle/.config/discord/0.0.69/modules/pending/discord_voice-1.zip: 14%
2024-09-29T08:23:43.812Z [Modules] Streaming discord_voice@1 to /home/aurevelle/.config/discord/0.0.69/modules/pending/discord_voice-1.zip: 15%
2024-09-29T08:23:43.818Z [Modules] Streaming discord_voice@1 to /home/aurevelle/.config/discord/0.0.69/modules/pending/discord_voice-1.zip: 16%
2024-09-29T08:23:43.843Z [Modules] Streaming discord_voice@1 to /home/aurevelle/.config/discord/0.0.69/modules/pending/discord_voice-1.zip: 17%
2024-09-29T08:23:43.914Z [Modules] Streaming discord_voice@1 to /home/aurevelle/.config/discord/0.0.69/modules/pending/discord_voice-1.zip: 18%
2024-09-29T08:23:43.915Z [Modules] Streaming discord_voice@1 to /home/aurevelle/.config/discord/0.0.69/modules/pending/discord_voice-1.zip: 19%
2024-09-29T08:23:43.938Z [Modules] Streaming discord_voice@1 to /home/aurevelle/.config/discord/0.0.69/modules/pending/discord_voice-1.zip: 20%
2024-09-29T08:23:43.970Z [Modules] Streaming discord_voice@1 to /home/aurevelle/.config/discord/0.0.69/modules/pending/discord_voice-1.zip: 21%
2024-09-29T08:23:43.998Z [Modules] Streaming discord_voice@1 to /home/aurevelle/.config/discord/0.0.69/modules/pending/discord_voice-1.zip: 22%
2024-09-29T08:23:44.016Z [Modules] Streaming discord_voice@1 to /home/aurevelle/.config/discord/0.0.69/modules/pending/discord_voice-1.zip: 23%
2024-09-29T08:23:44.042Z [Modules] Streaming discord_voice@1 to /home/aurevelle/.config/discord/0.0.69/modules/pending/discord_voice-1.zip: 24%
2024-09-29T08:23:44.070Z [Modules] Streaming discord_voice@1 to /home/aurevelle/.config/discord/0.0.69/modules/pending/discord_voice-1.zip: 25%
2024-09-29T08:23:44.094Z [Modules] Streaming discord_voice@1 to /home/aurevelle/.config/discord/0.0.69/modules/pending/discord_voice-1.zip: 26%
2024-09-29T08:23:44.137Z [Modules] Streaming discord_voice@1 to /home/aurevelle/.config/discord/0.0.69/modules/pending/discord_voice-1.zip: 27%
2024-09-29T08:23:44.174Z [Modules] Streaming discord_voice@1 to /home/aurevelle/.config/discord/0.0.69/modules/pending/discord_voice-1.zip: 28%
2024-09-29T08:23:44.211Z [Modules] Streaming discord_voice@1 to /home/aurevelle/.config/discord/0.0.69/modules/pending/discord_voice-1.zip: 29%
2024-09-29T08:23:44.252Z [Modules] Streaming discord_voice@1 to /home/aurevelle/.config/discord/0.0.69/modules/pending/discord_voice-1.zip: 30%
2024-09-29T08:23:44.281Z [Modules] Streaming discord_voice@1 to /home/aurevelle/.config/discord/0.0.69/modules/pending/discord_voice-1.zip: 31%
2024-09-29T08:23:44.330Z [Modules] Streaming discord_voice@1 to /home/aurevelle/.config/discord/0.0.69/modules/pending/discord_voice-1.zip: 32%
2024-09-29T08:23:44.356Z [Modules] Streaming discord_voice@1 to /home/aurevelle/.config/discord/0.0.69/modules/pending/discord_voice-1.zip: 33%
2024-09-29T08:23:44.358Z [Modules] Streaming discord_voice@1 to /home/aurevelle/.config/discord/0.0.69/modules/pending/discord_voice-1.zip: 34%
2024-09-29T08:23:44.362Z [Modules] Streaming discord_voice@1 to /home/aurevelle/.config/discord/0.0.69/modules/pending/discord_voice-1.zip: 35%
2024-09-29T08:23:44.392Z [Modules] Streaming discord_voice@1 to /home/aurevelle/.config/discord/0.0.69/modules/pending/discord_voice-1.zip: 36%
2024-09-29T08:23:44.426Z [Modules] Streaming discord_voice@1 to /home/aurevelle/.config/discord/0.0.69/modules/pending/discord_voice-1.zip: 37%
2024-09-29T08:23:44.447Z [Modules] Streaming discord_voice@1 to /home/aurevelle/.config/discord/0.0.69/modules/pending/discord_voice-1.zip: 38%
2024-09-29T08:23:44.498Z [Modules] Streaming discord_voice@1 to /home/aurevelle/.config/discord/0.0.69/modules/pending/discord_voice-1.zip: 39%
2024-09-29T08:23:44.499Z [Modules] Streaming discord_voice@1 to /home/aurevelle/.config/discord/0.0.69/modules/pending/discord_voice-1.zip: 40%
2024-09-29T08:23:44.518Z [Modules] Streaming discord_voice@1 to /home/aurevelle/.config/discord/0.0.69/modules/pending/discord_voice-1.zip: 41%
2024-09-29T08:23:44.530Z [Modules] Streaming discord_voice@1 to /home/aurevelle/.config/discord/0.0.69/modules/pending/discord_voice-1.zip: 42%
2024-09-29T08:23:44.582Z [Modules] Streaming discord_voice@1 to /home/aurevelle/.config/discord/0.0.69/modules/pending/discord_voice-1.zip: 43%
2024-09-29T08:23:44.603Z [Modules] Streaming discord_voice@1 to /home/aurevelle/.config/discord/0.0.69/modules/pending/discord_voice-1.zip: 44%
2024-09-29T08:23:44.639Z [Modules] Streaming discord_voice@1 to /home/aurevelle/.config/discord/0.0.69/modules/pending/discord_voice-1.zip: 45%
2024-09-29T08:23:44.816Z [Modules] Streaming discord_voice@1 to /home/aurevelle/.config/discord/0.0.69/modules/pending/discord_voice-1.zip: 46%
2024-09-29T08:23:44.818Z [Modules] Streaming discord_voice@1 to /home/aurevelle/.config/discord/0.0.69/modules/pending/discord_voice-1.zip: 47%
2024-09-29T08:23:44.820Z [Modules] Streaming discord_voice@1 to /home/aurevelle/.config/discord/0.0.69/modules/pending/discord_voice-1.zip: 48%
2024-09-29T08:23:44.954Z [Modules] Streaming discord_voice@1 to /home/aurevelle/.config/discord/0.0.69/modules/pending/discord_voice-1.zip: 49%
2024-09-29T08:23:45.024Z [Modules] Streaming discord_voice@1 to /home/aurevelle/.config/discord/0.0.69/modules/pending/discord_voice-1.zip: 50%
2024-09-29T08:23:45.025Z [Modules] Streaming discord_voice@1 to /home/aurevelle/.config/discord/0.0.69/modules/pending/discord_voice-1.zip: 51%
2024-09-29T08:23:45.026Z [Modules] Streaming discord_voice@1 to /home/aurevelle/.config/discord/0.0.69/modules/pending/discord_voice-1.zip: 52%
2024-09-29T08:23:45.027Z [Modules] Streaming discord_voice@1 to /home/aurevelle/.config/discord/0.0.69/modules/pending/discord_voice-1.zip: 53%
2024-09-29T08:23:45.030Z [Modules] Streaming discord_voice@1 to /home/aurevelle/.config/discord/0.0.69/modules/pending/discord_voice-1.zip: 54%
2024-09-29T08:23:45.032Z [Modules] Streaming discord_voice@1 to /home/aurevelle/.config/discord/0.0.69/modules/pending/discord_voice-1.zip: 55%
2024-09-29T08:23:45.033Z [Modules] Streaming discord_voice@1 to /home/aurevelle/.config/discord/0.0.69/modules/pending/discord_voice-1.zip: 56%
2024-09-29T08:23:45.110Z [Modules] Streaming discord_voice@1 to /home/aurevelle/.config/discord/0.0.69/modules/pending/discord_voice-1.zip: 57%
2024-09-29T08:23:45.111Z [Modules] Streaming discord_voice@1 to /home/aurevelle/.config/discord/0.0.69/modules/pending/discord_voice-1.zip: 58%
2024-09-29T08:23:45.136Z [Modules] Streaming discord_voice@1 to /home/aurevelle/.config/discord/0.0.69/modules/pending/discord_voice-1.zip: 59%
2024-09-29T08:23:45.219Z [Modules] Streaming discord_voice@1 to /home/aurevelle/.config/discord/0.0.69/modules/pending/discord_voice-1.zip: 60%
2024-09-29T08:23:45.268Z [Modules] Streaming discord_voice@1 to /home/aurevelle/.config/discord/0.0.69/modules/pending/discord_voice-1.zip: 61%
2024-09-29T08:23:45.288Z [Modules] Streaming discord_voice@1 to /home/aurevelle/.config/discord/0.0.69/modules/pending/discord_voice-1.zip: 62%
2024-09-29T08:23:45.290Z [Modules] Streaming discord_voice@1 to /home/aurevelle/.config/discord/0.0.69/modules/pending/discord_voice-1.zip: 63%
2024-09-29T08:23:45.302Z [Modules] Streaming discord_voice@1 to /home/aurevelle/.config/discord/0.0.69/modules/pending/discord_voice-1.zip: 64%
2024-09-29T08:23:45.321Z [Modules] Streaming discord_voice@1 to /home/aurevelle/.config/discord/0.0.69/modules/pending/discord_voice-1.zip: 65%
2024-09-29T08:23:45.348Z [Modules] Streaming discord_voice@1 to /home/aurevelle/.config/discord/0.0.69/modules/pending/discord_voice-1.zip: 66%
2024-09-29T08:23:45.373Z [Modules] Streaming discord_voice@1 to /home/aurevelle/.config/discord/0.0.69/modules/pending/discord_voice-1.zip: 67%
2024-09-29T08:23:45.401Z [Modules] Streaming discord_voice@1 to /home/aurevelle/.config/discord/0.0.69/modules/pending/discord_voice-1.zip: 68%
2024-09-29T08:23:45.505Z [Modules] Streaming discord_voice@1 to /home/aurevelle/.config/discord/0.0.69/modules/pending/discord_voice-1.zip: 69%
2024-09-29T08:23:45.514Z [Modules] Streaming discord_voice@1 to /home/aurevelle/.config/discord/0.0.69/modules/pending/discord_voice-1.zip: 70%
2024-09-29T08:23:45.515Z [Modules] Streaming discord_voice@1 to /home/aurevelle/.config/discord/0.0.69/modules/pending/discord_voice-1.zip: 71%
2024-09-29T08:23:45.516Z [Modules] Streaming discord_voice@1 to /home/aurevelle/.config/discord/0.0.69/modules/pending/discord_voice-1.zip: 72%
2024-09-29T08:23:45.544Z [Modules] Streaming discord_voice@1 to /home/aurevelle/.config/discord/0.0.69/modules/pending/discord_voice-1.zip: 73%
2024-09-29T08:23:45.572Z [Modules] Streaming discord_voice@1 to /home/aurevelle/.config/discord/0.0.69/modules/pending/discord_voice-1.zip: 74%
2024-09-29T08:23:45.594Z [Modules] Streaming discord_voice@1 to /home/aurevelle/.config/discord/0.0.69/modules/pending/discord_voice-1.zip: 75%
2024-09-29T08:23:45.609Z [Modules] Streaming discord_voice@1 to /home/aurevelle/.config/discord/0.0.69/modules/pending/discord_voice-1.zip: 76%
2024-09-29T08:23:45.633Z [Modules] Streaming discord_voice@1 to /home/aurevelle/.config/discord/0.0.69/modules/pending/discord_voice-1.zip: 77%
2024-09-29T08:23:45.650Z [Modules] Streaming discord_voice@1 to /home/aurevelle/.config/discord/0.0.69/modules/pending/discord_voice-1.zip: 78%
2024-09-29T08:23:45.686Z [Modules] Streaming discord_voice@1 to /home/aurevelle/.config/discord/0.0.69/modules/pending/discord_voice-1.zip: 79%
2024-09-29T08:23:45.712Z [Modules] Streaming discord_voice@1 to /home/aurevelle/.config/discord/0.0.69/modules/pending/discord_voice-1.zip: 80%
2024-09-29T08:23:45.729Z [Modules] Streaming discord_voice@1 to /home/aurevelle/.config/discord/0.0.69/modules/pending/discord_voice-1.zip: 81%
2024-09-29T08:23:45.828Z [Modules] Streaming discord_voice@1 to /home/aurevelle/.config/discord/0.0.69/modules/pending/discord_voice-1.zip: 82%
2024-09-29T08:23:45.926Z [Modules] Streaming discord_voice@1 to /home/aurevelle/.config/discord/0.0.69/modules/pending/discord_voice-1.zip: 83%
2024-09-29T08:23:45.942Z [Modules] Streaming discord_voice@1 to /home/aurevelle/.config/discord/0.0.69/modules/pending/discord_voice-1.zip: 84%
2024-09-29T08:23:46.104Z [Modules] Streaming discord_voice@1 to /home/aurevelle/.config/discord/0.0.69/modules/pending/discord_voice-1.zip: 85%
2024-09-29T08:23:46.105Z [Modules] Streaming discord_voice@1 to /home/aurevelle/.config/discord/0.0.69/modules/pending/discord_voice-1.zip: 86%
2024-09-29T08:23:46.106Z [Modules] Streaming discord_voice@1 to /home/aurevelle/.config/discord/0.0.69/modules/pending/discord_voice-1.zip: 87%
2024-09-29T08:23:46.175Z [Modules] Streaming discord_voice@1 to /home/aurevelle/.config/discord/0.0.69/modules/pending/discord_voice-1.zip: 88%
2024-09-29T08:23:46.177Z [Modules] Streaming discord_voice@1 to /home/aurevelle/.config/discord/0.0.69/modules/pending/discord_voice-1.zip: 89%
2024-09-29T08:23:46.178Z [Modules] Streaming discord_voice@1 to /home/aurevelle/.config/discord/0.0.69/modules/pending/discord_voice-1.zip: 90%
2024-09-29T08:23:46.182Z [Modules] Streaming discord_voice@1 to /home/aurevelle/.config/discord/0.0.69/modules/pending/discord_voice-1.zip: 91%
2024-09-29T08:23:46.183Z [Modules] Streaming discord_voice@1 to /home/aurevelle/.config/discord/0.0.69/modules/pending/discord_voice-1.zip: 92%
2024-09-29T08:23:46.192Z [Modules] Streaming discord_voice@1 to /home/aurevelle/.config/discord/0.0.69/modules/pending/discord_voice-1.zip: 93%
2024-09-29T08:23:46.198Z [Modules] Streaming discord_voice@1 to /home/aurevelle/.config/discord/0.0.69/modules/pending/discord_voice-1.zip: 94%
2024-09-29T08:23:46.246Z [Modules] Streaming discord_voice@1 to /home/aurevelle/.config/discord/0.0.69/modules/pending/discord_voice-1.zip: 95%
2024-09-29T08:23:46.247Z [Modules] Streaming discord_voice@1 to /home/aurevelle/.config/discord/0.0.69/modules/pending/discord_voice-1.zip: 96%
2024-09-29T08:23:46.306Z [Modules] Streaming discord_voice@1 to /home/aurevelle/.config/discord/0.0.69/modules/pending/discord_voice-1.zip: 97%
2024-09-29T08:23:46.324Z [Modules] Streaming discord_voice@1 to /home/aurevelle/.config/discord/0.0.69/modules/pending/discord_voice-1.zip: 98%
2024-09-29T08:23:46.436Z [Modules] Streaming discord_voice@1 to /home/aurevelle/.config/discord/0.0.69/modules/pending/discord_voice-1.zip: 99%
2024-09-29T08:23:46.457Z [Modules] Streaming discord_voice@1 to /home/aurevelle/.config/discord/0.0.69/modules/pending/discord_voice-1.zip: 100%
2024-09-29T08:23:46.458Z [Modules] Fetching discord_zstd@1 from https://discord.com/api/modules/stable/discord_zstd/1
2024-09-29T08:23:46.459Z [Modules] Streaming discord_zstd@1 to /home/aurevelle/.config/discord/0.0.69/modules/pending/discord_zstd-1.zip
2024-09-29T08:23:46.802Z [Modules] Streaming discord_zstd@1 to /home/aurevelle/.config/discord/0.0.69/modules/pending/discord_zstd-1.zip: 8%
2024-09-29T08:23:46.804Z [Modules] Streaming discord_zstd@1 to /home/aurevelle/.config/discord/0.0.69/modules/pending/discord_zstd-1.zip: 13%
2024-09-29T08:23:46.812Z [Modules] Streaming discord_zstd@1 to /home/aurevelle/.config/discord/0.0.69/modules/pending/discord_zstd-1.zip: 20%
2024-09-29T08:23:46.821Z [Modules] Streaming discord_zstd@1 to /home/aurevelle/.config/discord/0.0.69/modules/pending/discord_zstd-1.zip: 30%
2024-09-29T08:23:46.822Z [Modules] Streaming discord_zstd@1 to /home/aurevelle/.config/discord/0.0.69/modules/pending/discord_zstd-1.zip: 41%
2024-09-29T08:23:46.833Z [Modules] Streaming discord_zstd@1 to /home/aurevelle/.config/discord/0.0.69/modules/pending/discord_zstd-1.zip: 48%
2024-09-29T08:23:46.834Z [Modules] Streaming discord_zstd@1 to /home/aurevelle/.config/discord/0.0.69/modules/pending/discord_zstd-1.zip: 58%
2024-09-29T08:23:46.834Z [Modules] Streaming discord_zstd@1 to /home/aurevelle/.config/discord/0.0.69/modules/pending/discord_zstd-1.zip: 67%
2024-09-29T08:23:46.840Z [Modules] Streaming discord_zstd@1 to /home/aurevelle/.config/discord/0.0.69/modules/pending/discord_zstd-1.zip: 76%
2024-09-29T08:23:46.841Z [Modules] Streaming discord_zstd@1 to /home/aurevelle/.config/discord/0.0.69/modules/pending/discord_zstd-1.zip: 86%
2024-09-29T08:23:46.842Z [Modules] Streaming discord_zstd@1 to /home/aurevelle/.config/discord/0.0.69/modules/pending/discord_zstd-1.zip: 96%
2024-09-29T08:23:46.845Z [Modules] Streaming discord_zstd@1 to /home/aurevelle/.config/discord/0.0.69/modules/pending/discord_zstd-1.zip: 100%
2024-09-29T08:23:46.846Z [Modules] Finished module downloads. [success: 6] [failure: 0]
2024-09-29T08:23:46.847Z [Modules] Installing updates...
2024-09-29T08:23:46.847Z [Modules] Installing discord_desktop_core@1 from /home/aurevelle/.config/discord/0.0.69/modules/pending/discord_desktop_core-1.zip
2024-09-29T08:23:46.936Z [Modules] Installing discord_erlpack@1 from /home/aurevelle/.config/discord/0.0.69/modules/pending/discord_erlpack-1.zip
2024-09-29T08:23:46.992Z [Modules] Installing discord_spellcheck@1 from /home/aurevelle/.config/discord/0.0.69/modules/pending/discord_spellcheck-1.zip
2024-09-29T08:23:47.541Z [Modules] Installing discord_utils@1 from /home/aurevelle/.config/discord/0.0.69/modules/pending/discord_utils-1.zip
2024-09-29T08:23:47.645Z [Modules] Installing discord_voice@1 from /home/aurevelle/.config/discord/0.0.69/modules/pending/discord_voice-1.zip
2024-09-29T08:23:48.057Z [Modules] Installing discord_zstd@1 from /home/aurevelle/.config/discord/0.0.69/modules/pending/discord_zstd-1.zip
2024-09-29T08:23:48.068Z [Modules] Finished module installations. [success: 6] [failure: 0]
2024-09-29T08:23:48.068Z [Modules] Checking for host updates.
2024-09-29T08:23:48.397Z [Modules] Host is up to date.
2024-09-29T08:23:48.397Z [Modules] Checking for module updates at https://discord.com/api/modules/stable/versions.json
2024-09-29T08:23:48.401Z [Modules] No module updates available.
2024-09-29T08:23:49.892Z [Modules] Starting to install discord_krisp...
2024-09-29T08:23:49.892Z [Modules] Fetching discord_krisp@1 from https://discord.com/api/modules/stable/discord_krisp/1
2024-09-29T08:23:49.893Z [Modules] Streaming discord_krisp@1 to /home/aurevelle/.config/discord/0.0.69/modules/pending/discord_krisp-1.zip
2024-09-29T08:23:49.909Z [Modules] Checking for host updates.
2024-09-29T08:23:49.913Z [Modules] Starting to install discord_game_utils...
2024-09-29T08:23:50.292Z [Modules] Host is up to date.
2024-09-29T08:23:50.293Z [Modules] Checking for module updates at https://discord.com/api/modules/stable/versions.json
2024-09-29T08:23:50.296Z [Modules] No module updates available.
2024-09-29T08:23:50.353Z [Modules] Streaming discord_krisp@1 to /home/aurevelle/.config/discord/0.0.69/modules/pending/discord_krisp-1.zip: 1%
2024-09-29T08:23:50.373Z [Modules] Streaming discord_krisp@1 to /home/aurevelle/.config/discord/0.0.69/modules/pending/discord_krisp-1.zip: 2%
2024-09-29T08:23:50.392Z [Modules] Streaming discord_krisp@1 to /home/aurevelle/.config/discord/0.0.69/modules/pending/discord_krisp-1.zip: 3%
2024-09-29T08:23:50.402Z [Modules] Streaming discord_krisp@1 to /home/aurevelle/.config/discord/0.0.69/modules/pending/discord_krisp-1.zip: 4%
2024-09-29T08:23:50.425Z [Modules] Streaming discord_krisp@1 to /home/aurevelle/.config/discord/0.0.69/modules/pending/discord_krisp-1.zip: 5%
2024-09-29T08:23:50.530Z [Modules] Streaming discord_krisp@1 to /home/aurevelle/.config/discord/0.0.69/modules/pending/discord_krisp-1.zip: 6%
2024-09-29T08:23:50.531Z [Modules] Streaming discord_krisp@1 to /home/aurevelle/.config/discord/0.0.69/modules/pending/discord_krisp-1.zip: 7%
2024-09-29T08:23:50.545Z [Modules] Streaming discord_krisp@1 to /home/aurevelle/.config/discord/0.0.69/modules/pending/discord_krisp-1.zip: 8%
2024-09-29T08:23:50.577Z [Modules] Streaming discord_krisp@1 to /home/aurevelle/.config/discord/0.0.69/modules/pending/discord_krisp-1.zip: 9%
2024-09-29T08:23:50.595Z [Modules] Streaming discord_krisp@1 to /home/aurevelle/.config/discord/0.0.69/modules/pending/discord_krisp-1.zip: 10%
2024-09-29T08:23:50.612Z [Modules] Streaming discord_krisp@1 to /home/aurevelle/.config/discord/0.0.69/modules/pending/discord_krisp-1.zip: 11%
2024-09-29T08:23:50.625Z [Modules] Streaming discord_krisp@1 to /home/aurevelle/.config/discord/0.0.69/modules/pending/discord_krisp-1.zip: 12%
2024-09-29T08:23:50.646Z [Modules] Streaming discord_krisp@1 to /home/aurevelle/.config/discord/0.0.69/modules/pending/discord_krisp-1.zip: 13%
2024-09-29T08:23:50.676Z [Modules] Streaming discord_krisp@1 to /home/aurevelle/.config/discord/0.0.69/modules/pending/discord_krisp-1.zip: 14%
2024-09-29T08:23:50.713Z [Modules] Streaming discord_krisp@1 to /home/aurevelle/.config/discord/0.0.69/modules/pending/discord_krisp-1.zip: 15%
2024-09-29T08:23:50.732Z [Modules] Streaming discord_krisp@1 to /home/aurevelle/.config/discord/0.0.69/modules/pending/discord_krisp-1.zip: 16%
2024-09-29T08:23:50.749Z [Modules] Streaming discord_krisp@1 to /home/aurevelle/.config/discord/0.0.69/modules/pending/discord_krisp-1.zip: 17%
2024-09-29T08:23:50.781Z [Modules] Streaming discord_krisp@1 to /home/aurevelle/.config/discord/0.0.69/modules/pending/discord_krisp-1.zip: 18%
2024-09-29T08:23:50.823Z [Modules] Streaming discord_krisp@1 to /home/aurevelle/.config/discord/0.0.69/modules/pending/discord_krisp-1.zip: 19%
2024-09-29T08:23:50.862Z [Modules] Streaming discord_krisp@1 to /home/aurevelle/.config/discord/0.0.69/modules/pending/discord_krisp-1.zip: 20%
2024-09-29T08:23:50.882Z [Modules] Streaming discord_krisp@1 to /home/aurevelle/.config/discord/0.0.69/modules/pending/discord_krisp-1.zip: 21%
2024-09-29T08:23:50.899Z [Modules] Streaming discord_krisp@1 to /home/aurevelle/.config/discord/0.0.69/modules/pending/discord_krisp-1.zip: 22%
2024-09-29T08:23:50.961Z [Modules] Streaming discord_krisp@1 to /home/aurevelle/.config/discord/0.0.69/modules/pending/discord_krisp-1.zip: 23%
2024-09-29T08:23:51.058Z [Modules] Streaming discord_krisp@1 to /home/aurevelle/.config/discord/0.0.69/modules/pending/discord_krisp-1.zip: 24%
2024-09-29T08:23:51.088Z [Modules] Streaming discord_krisp@1 to /home/aurevelle/.config/discord/0.0.69/modules/pending/discord_krisp-1.zip: 25%
2024-09-29T08:23:51.109Z [Modules] Streaming discord_krisp@1 to /home/aurevelle/.config/discord/0.0.69/modules/pending/discord_krisp-1.zip: 26%
2024-09-29T08:23:51.128Z [Modules] Streaming discord_krisp@1 to /home/aurevelle/.config/discord/0.0.69/modules/pending/discord_krisp-1.zip: 27%
2024-09-29T08:23:51.142Z [Modules] Streaming discord_krisp@1 to /home/aurevelle/.config/discord/0.0.69/modules/pending/discord_krisp-1.zip: 28%
2024-09-29T08:23:51.162Z [Modules] Streaming discord_krisp@1 to /home/aurevelle/.config/discord/0.0.69/modules/pending/discord_krisp-1.zip: 29%
2024-09-29T08:23:51.192Z [Modules] Streaming discord_krisp@1 to /home/aurevelle/.config/discord/0.0.69/modules/pending/discord_krisp-1.zip: 30%
2024-09-29T08:23:51.231Z [Modules] Streaming discord_krisp@1 to /home/aurevelle/.config/discord/0.0.69/modules/pending/discord_krisp-1.zip: 31%
2024-09-29T08:23:51.249Z [Modules] Streaming discord_krisp@1 to /home/aurevelle/.config/discord/0.0.69/modules/pending/discord_krisp-1.zip: 32%
2024-09-29T08:23:51.329Z [Modules] Streaming discord_krisp@1 to /home/aurevelle/.config/discord/0.0.69/modules/pending/discord_krisp-1.zip: 34%
2024-09-29T08:23:51.346Z [Modules] Streaming discord_krisp@1 to /home/aurevelle/.config/discord/0.0.69/modules/pending/discord_krisp-1.zip: 35%
2024-09-29T08:23:51.392Z [Modules] Streaming discord_krisp@1 to /home/aurevelle/.config/discord/0.0.69/modules/pending/discord_krisp-1.zip: 36%
2024-09-29T08:23:51.419Z [Modules] Streaming discord_krisp@1 to /home/aurevelle/.config/discord/0.0.69/modules/pending/discord_krisp-1.zip: 37%
2024-09-29T08:23:51.457Z [Modules] Streaming discord_krisp@1 to /home/aurevelle/.config/discord/0.0.69/modules/pending/discord_krisp-1.zip: 38%
2024-09-29T08:23:51.466Z [Modules] Streaming discord_krisp@1 to /home/aurevelle/.config/discord/0.0.69/modules/pending/discord_krisp-1.zip: 39%
2024-09-29T08:23:51.515Z [Modules] Streaming discord_krisp@1 to /home/aurevelle/.config/discord/0.0.69/modules/pending/discord_krisp-1.zip: 40%
2024-09-29T08:23:51.537Z [Modules] Streaming discord_krisp@1 to /home/aurevelle/.config/discord/0.0.69/modules/pending/discord_krisp-1.zip: 41%
2024-09-29T08:23:51.628Z [Modules] Streaming discord_krisp@1 to /home/aurevelle/.config/discord/0.0.69/modules/pending/discord_krisp-1.zip: 42%
2024-09-29T08:23:51.633Z [Modules] Streaming discord_krisp@1 to /home/aurevelle/.config/discord/0.0.69/modules/pending/discord_krisp-1.zip: 43%
2024-09-29T08:23:51.662Z [Modules] Streaming discord_krisp@1 to /home/aurevelle/.config/discord/0.0.69/modules/pending/discord_krisp-1.zip: 44%
2024-09-29T08:23:51.722Z [Modules] Streaming discord_krisp@1 to /home/aurevelle/.config/discord/0.0.69/modules/pending/discord_krisp-1.zip: 45%
2024-09-29T08:23:51.744Z [Modules] Streaming discord_krisp@1 to /home/aurevelle/.config/discord/0.0.69/modules/pending/discord_krisp-1.zip: 46%
2024-09-29T08:23:51.842Z [Modules] Streaming discord_krisp@1 to /home/aurevelle/.config/discord/0.0.69/modules/pending/discord_krisp-1.zip: 47%
2024-09-29T08:23:51.867Z [Modules] Streaming discord_krisp@1 to /home/aurevelle/.config/discord/0.0.69/modules/pending/discord_krisp-1.zip: 48%
2024-09-29T08:23:51.963Z [Modules] Streaming discord_krisp@1 to /home/aurevelle/.config/discord/0.0.69/modules/pending/discord_krisp-1.zip: 49%
2024-09-29T08:23:52.053Z [Modules] Streaming discord_krisp@1 to /home/aurevelle/.config/discord/0.0.69/modules/pending/discord_krisp-1.zip: 50%
2024-09-29T08:23:52.071Z [Modules] Streaming discord_krisp@1 to /home/aurevelle/.config/discord/0.0.69/modules/pending/discord_krisp-1.zip: 51%
2024-09-29T08:23:52.109Z [Modules] Streaming discord_krisp@1 to /home/aurevelle/.config/discord/0.0.69/modules/pending/discord_krisp-1.zip: 52%
2024-09-29T08:23:52.138Z [Modules] Streaming discord_krisp@1 to /home/aurevelle/.config/discord/0.0.69/modules/pending/discord_krisp-1.zip: 53%
2024-09-29T08:23:52.159Z [Modules] Streaming discord_krisp@1 to /home/aurevelle/.config/discord/0.0.69/modules/pending/discord_krisp-1.zip: 54%
2024-09-29T08:23:52.226Z [Modules] Streaming discord_krisp@1 to /home/aurevelle/.config/discord/0.0.69/modules/pending/discord_krisp-1.zip: 55%
2024-09-29T08:23:52.230Z [Modules] Starting to install discord_rpc...
2024-09-29T08:23:52.265Z [Modules] Streaming discord_krisp@1 to /home/aurevelle/.config/discord/0.0.69/modules/pending/discord_krisp-1.zip: 56%
2024-09-29T08:23:52.290Z [Modules] Streaming discord_krisp@1 to /home/aurevelle/.config/discord/0.0.69/modules/pending/discord_krisp-1.zip: 57%
2024-09-29T08:23:52.304Z [Modules] Streaming discord_krisp@1 to /home/aurevelle/.config/discord/0.0.69/modules/pending/discord_krisp-1.zip: 58%
2024-09-29T08:23:52.350Z [Modules] Streaming discord_krisp@1 to /home/aurevelle/.config/discord/0.0.69/modules/pending/discord_krisp-1.zip: 59%
2024-09-29T08:23:52.392Z [Modules] Streaming discord_krisp@1 to /home/aurevelle/.config/discord/0.0.69/modules/pending/discord_krisp-1.zip: 60%
2024-09-29T08:23:52.451Z [Modules] Streaming discord_krisp@1 to /home/aurevelle/.config/discord/0.0.69/modules/pending/discord_krisp-1.zip: 61%
2024-09-29T08:23:52.668Z [Modules] Streaming discord_krisp@1 to /home/aurevelle/.config/discord/0.0.69/modules/pending/discord_krisp-1.zip: 62%
2024-09-29T08:23:52.739Z [Modules] Streaming discord_krisp@1 to /home/aurevelle/.config/discord/0.0.69/modules/pending/discord_krisp-1.zip: 63%
2024-09-29T08:23:52.773Z [Modules] Streaming discord_krisp@1 to /home/aurevelle/.config/discord/0.0.69/modules/pending/discord_krisp-1.zip: 64%
2024-09-29T08:23:52.805Z [Modules] Streaming discord_krisp@1 to /home/aurevelle/.config/discord/0.0.69/modules/pending/discord_krisp-1.zip: 65%
2024-09-29T08:23:52.859Z [Modules] Streaming discord_krisp@1 to /home/aurevelle/.config/discord/0.0.69/modules/pending/discord_krisp-1.zip: 66%
2024-09-29T08:23:52.893Z [Modules] Streaming discord_krisp@1 to /home/aurevelle/.config/discord/0.0.69/modules/pending/discord_krisp-1.zip: 67%
2024-09-29T08:23:52.925Z [Modules] Streaming discord_krisp@1 to /home/aurevelle/.config/discord/0.0.69/modules/pending/discord_krisp-1.zip: 68%
2024-09-29T08:23:52.958Z [Modules] Streaming discord_krisp@1 to /home/aurevelle/.config/discord/0.0.69/modules/pending/discord_krisp-1.zip: 69%
2024-09-29T08:23:53.023Z [Modules] Streaming discord_krisp@1 to /home/aurevelle/.config/discord/0.0.69/modules/pending/discord_krisp-1.zip: 70%
2024-09-29T08:23:53.087Z [Modules] Streaming discord_krisp@1 to /home/aurevelle/.config/discord/0.0.69/modules/pending/discord_krisp-1.zip: 71%
2024-09-29T08:23:53.126Z [Modules] Streaming discord_krisp@1 to /home/aurevelle/.config/discord/0.0.69/modules/pending/discord_krisp-1.zip: 72%
2024-09-29T08:23:53.150Z [Modules] Streaming discord_krisp@1 to /home/aurevelle/.config/discord/0.0.69/modules/pending/discord_krisp-1.zip: 73%
2024-09-29T08:23:53.180Z [Modules] Streaming discord_krisp@1 to /home/aurevelle/.config/discord/0.0.69/modules/pending/discord_krisp-1.zip: 74%
2024-09-29T08:23:53.201Z [Modules] Streaming discord_krisp@1 to /home/aurevelle/.config/discord/0.0.69/modules/pending/discord_krisp-1.zip: 75%
2024-09-29T08:23:53.232Z [Modules] Streaming discord_krisp@1 to /home/aurevelle/.config/discord/0.0.69/modules/pending/discord_krisp-1.zip: 76%
2024-09-29T08:23:53.253Z [Modules] Streaming discord_krisp@1 to /home/aurevelle/.config/discord/0.0.69/modules/pending/discord_krisp-1.zip: 77%
2024-09-29T08:23:53.296Z [Modules] Streaming discord_krisp@1 to /home/aurevelle/.config/discord/0.0.69/modules/pending/discord_krisp-1.zip: 78%
2024-09-29T08:23:53.330Z [Modules] Streaming discord_krisp@1 to /home/aurevelle/.config/discord/0.0.69/modules/pending/discord_krisp-1.zip: 79%
2024-09-29T08:23:53.349Z [Modules] Streaming discord_krisp@1 to /home/aurevelle/.config/discord/0.0.69/modules/pending/discord_krisp-1.zip: 80%
2024-09-29T08:23:53.367Z [Modules] Streaming discord_krisp@1 to /home/aurevelle/.config/discord/0.0.69/modules/pending/discord_krisp-1.zip: 81%
2024-09-29T08:23:53.398Z [Modules] Streaming discord_krisp@1 to /home/aurevelle/.config/discord/0.0.69/modules/pending/discord_krisp-1.zip: 82%
2024-09-29T08:23:53.436Z [Modules] Streaming discord_krisp@1 to /home/aurevelle/.config/discord/0.0.69/modules/pending/discord_krisp-1.zip: 83%
2024-09-29T08:23:53.449Z [Modules] Streaming discord_krisp@1 to /home/aurevelle/.config/discord/0.0.69/modules/pending/discord_krisp-1.zip: 84%
2024-09-29T08:23:53.491Z [Modules] Streaming discord_krisp@1 to /home/aurevelle/.config/discord/0.0.69/modules/pending/discord_krisp-1.zip: 85%
2024-09-29T08:23:53.517Z [Modules] Streaming discord_krisp@1 to /home/aurevelle/.config/discord/0.0.69/modules/pending/discord_krisp-1.zip: 86%
2024-09-29T08:23:53.542Z [Modules] Streaming discord_krisp@1 to /home/aurevelle/.config/discord/0.0.69/modules/pending/discord_krisp-1.zip: 87%
2024-09-29T08:23:53.558Z [Modules] Streaming discord_krisp@1 to /home/aurevelle/.config/discord/0.0.69/modules/pending/discord_krisp-1.zip: 88%
2024-09-29T08:23:53.575Z [Modules] Streaming discord_krisp@1 to /home/aurevelle/.config/discord/0.0.69/modules/pending/discord_krisp-1.zip: 89%
2024-09-29T08:23:53.596Z [Modules] Streaming discord_krisp@1 to /home/aurevelle/.config/discord/0.0.69/modules/pending/discord_krisp-1.zip: 90%
2024-09-29T08:23:53.624Z [Modules] Streaming discord_krisp@1 to /home/aurevelle/.config/discord/0.0.69/modules/pending/discord_krisp-1.zip: 91%
2024-09-29T08:23:53.645Z [Modules] Streaming discord_krisp@1 to /home/aurevelle/.config/discord/0.0.69/modules/pending/discord_krisp-1.zip: 92%
2024-09-29T08:23:53.696Z [Modules] Streaming discord_krisp@1 to /home/aurevelle/.config/discord/0.0.69/modules/pending/discord_krisp-1.zip: 93%
2024-09-29T08:23:53.721Z [Modules] Streaming discord_krisp@1 to /home/aurevelle/.config/discord/0.0.69/modules/pending/discord_krisp-1.zip: 94%
2024-09-29T08:23:53.734Z [Modules] Streaming discord_krisp@1 to /home/aurevelle/.config/discord/0.0.69/modules/pending/discord_krisp-1.zip: 95%
2024-09-29T08:23:53.759Z [Modules] Streaming discord_krisp@1 to /home/aurevelle/.config/discord/0.0.69/modules/pending/discord_krisp-1.zip: 96%
2024-09-29T08:23:53.777Z [Modules] Streaming discord_krisp@1 to /home/aurevelle/.config/discord/0.0.69/modules/pending/discord_krisp-1.zip: 97%
2024-09-29T08:23:53.796Z [Modules] Streaming discord_krisp@1 to /home/aurevelle/.config/discord/0.0.69/modules/pending/discord_krisp-1.zip: 98%
2024-09-29T08:23:53.829Z [Modules] Streaming discord_krisp@1 to /home/aurevelle/.config/discord/0.0.69/modules/pending/discord_krisp-1.zip: 99%
2024-09-29T08:23:53.841Z [Modules] Streaming discord_krisp@1 to /home/aurevelle/.config/discord/0.0.69/modules/pending/discord_krisp-1.zip: 100%
2024-09-29T08:23:53.843Z [Modules] Fetching discord_game_utils@1 from https://discord.com/api/modules/stable/discord_game_utils/1
2024-09-29T08:23:53.843Z [Modules] Streaming discord_game_utils@1 to /home/aurevelle/.config/discord/0.0.69/modules/pending/discord_game_utils-1.zip
2024-09-29T08:23:53.843Z [Modules] Installing discord_krisp@1 from /home/aurevelle/.config/discord/0.0.69/modules/pending/discord_krisp-1.zip
2024-09-29T08:23:54.148Z [Modules] Streaming discord_game_utils@1 to /home/aurevelle/.config/discord/0.0.69/modules/pending/discord_game_utils-1.zip: 1%
2024-09-29T08:23:54.152Z [Modules] Streaming discord_game_utils@1 to /home/aurevelle/.config/discord/0.0.69/modules/pending/discord_game_utils-1.zip: 2%
2024-09-29T08:23:54.164Z [Modules] Streaming discord_game_utils@1 to /home/aurevelle/.config/discord/0.0.69/modules/pending/discord_game_utils-1.zip: 3%
2024-09-29T08:23:54.172Z [Modules] Streaming discord_game_utils@1 to /home/aurevelle/.config/discord/0.0.69/modules/pending/discord_game_utils-1.zip: 4%
2024-09-29T08:23:54.188Z [Modules] Streaming discord_game_utils@1 to /home/aurevelle/.config/discord/0.0.69/modules/pending/discord_game_utils-1.zip: 6%
2024-09-29T08:23:54.197Z [Modules] Streaming discord_game_utils@1 to /home/aurevelle/.config/discord/0.0.69/modules/pending/discord_game_utils-1.zip: 8%
2024-09-29T08:23:54.297Z [Modules] Streaming discord_game_utils@1 to /home/aurevelle/.config/discord/0.0.69/modules/pending/discord_game_utils-1.zip: 28%
2024-09-29T08:23:54.304Z [Modules] Finished module installations. [success: 1] [failure: 0]
2024-09-29T08:23:54.354Z [Modules] Streaming discord_game_utils@1 to /home/aurevelle/.config/discord/0.0.69/modules/pending/discord_game_utils-1.zip: 29%
2024-09-29T08:23:54.354Z [Modules] Streaming discord_game_utils@1 to /home/aurevelle/.config/discord/0.0.69/modules/pending/discord_game_utils-1.zip: 36%
2024-09-29T08:23:54.355Z [Modules] Streaming discord_game_utils@1 to /home/aurevelle/.config/discord/0.0.69/modules/pending/discord_game_utils-1.zip: 38%
2024-09-29T08:23:54.360Z [Modules] Streaming discord_game_utils@1 to /home/aurevelle/.config/discord/0.0.69/modules/pending/discord_game_utils-1.zip: 40%
2024-09-29T08:23:54.361Z [Modules] Streaming discord_game_utils@1 to /home/aurevelle/.config/discord/0.0.69/modules/pending/discord_game_utils-1.zip: 43%
2024-09-29T08:23:54.362Z [Modules] Streaming discord_game_utils@1 to /home/aurevelle/.config/discord/0.0.69/modules/pending/discord_game_utils-1.zip: 52%
2024-09-29T08:23:54.362Z [Modules] Streaming discord_game_utils@1 to /home/aurevelle/.config/discord/0.0.69/modules/pending/discord_game_utils-1.zip: 53%
2024-09-29T08:23:54.438Z [Modules] Streaming discord_game_utils@1 to /home/aurevelle/.config/discord/0.0.69/modules/pending/discord_game_utils-1.zip: 56%
2024-09-29T08:23:54.438Z [Modules] Streaming discord_game_utils@1 to /home/aurevelle/.config/discord/0.0.69/modules/pending/discord_game_utils-1.zip: 60%
2024-09-29T08:23:54.439Z [Modules] Streaming discord_game_utils@1 to /home/aurevelle/.config/discord/0.0.69/modules/pending/discord_game_utils-1.zip: 63%
2024-09-29T08:23:54.441Z [Modules] Streaming discord_game_utils@1 to /home/aurevelle/.config/discord/0.0.69/modules/pending/discord_game_utils-1.zip: 65%
2024-09-29T08:23:54.442Z [Modules] Streaming discord_game_utils@1 to /home/aurevelle/.config/discord/0.0.69/modules/pending/discord_game_utils-1.zip: 75%
2024-09-29T08:23:54.444Z [Modules] Streaming discord_game_utils@1 to /home/aurevelle/.config/discord/0.0.69/modules/pending/discord_game_utils-1.zip: 79%
2024-09-29T08:23:54.474Z [Modules] Streaming discord_game_utils@1 to /home/aurevelle/.config/discord/0.0.69/modules/pending/discord_game_utils-1.zip: 82%
2024-09-29T08:23:54.474Z [Modules] Streaming discord_game_utils@1 to /home/aurevelle/.config/discord/0.0.69/modules/pending/discord_game_utils-1.zip: 84%
2024-09-29T08:23:54.474Z [Modules] Streaming discord_game_utils@1 to /home/aurevelle/.config/discord/0.0.69/modules/pending/discord_game_utils-1.zip: 91%
2024-09-29T08:23:54.475Z [Modules] Streaming discord_game_utils@1 to /home/aurevelle/.config/discord/0.0.69/modules/pending/discord_game_utils-1.zip: 98%
2024-09-29T08:23:54.475Z [Modules] Streaming discord_game_utils@1 to /home/aurevelle/.config/discord/0.0.69/modules/pending/discord_game_utils-1.zip: 100%
2024-09-29T08:23:54.476Z [Modules] Fetching discord_rpc@1 from https://discord.com/api/modules/stable/discord_rpc/1
2024-09-29T08:23:54.476Z [Modules] Streaming discord_rpc@1 to /home/aurevelle/.config/discord/0.0.69/modules/pending/discord_rpc-1.zip
2024-09-29T08:23:54.476Z [Modules] Installing discord_game_utils@1 from /home/aurevelle/.config/discord/0.0.69/modules/pending/discord_game_utils-1.zip
2024-09-29T08:23:54.536Z [Modules] Finished module installations. [success: 1] [failure: 0]
2024-09-29T08:23:54.794Z [Modules] Streaming discord_rpc@1 to /home/aurevelle/.config/discord/0.0.69/modules/pending/discord_rpc-1.zip: 38%
2024-09-29T08:23:54.795Z [Modules] Streaming discord_rpc@1 to /home/aurevelle/.config/discord/0.0.69/modules/pending/discord_rpc-1.zip: 100%
2024-09-29T08:23:54.795Z [Modules] Finished module downloads. [success: 3] [failure: 0]
2024-09-29T08:23:54.795Z [Modules] Installing discord_rpc@1 from /home/aurevelle/.config/discord/0.0.69/modules/pending/discord_rpc-1.zip
2024-09-29T08:23:54.804Z [Modules] Finished module installations. [success: 1] [failure: 0]
2024-09-29T08:30:29.847Z [Modules] Modules initializing
2024-09-29T08:30:29.848Z [Modules] Distribution: remote
2024-09-29T08:30:29.848Z [Modules] Host updates: enabled
2024-09-29T08:30:29.848Z [Modules] Module updates: enabled
2024-09-29T08:30:29.848Z [Modules] Module install path: /home/aurevelle/.config/discord/0.0.69/modules
2024-09-29T08:30:29.849Z [Modules] Module installed file path: /home/aurevelle/.config/discord/0.0.69/modules/installed.json
2024-09-29T08:30:29.849Z [Modules] Module download path: /home/aurevelle/.config/discord/0.0.69/modules/pending
2024-09-29T08:30:30.077Z [Modules] No updates to install
2024-09-29T08:30:30.078Z [Modules] Checking for host updates.
2024-09-29T08:30:30.435Z [Modules] Host is up to date.
2024-09-29T08:30:30.435Z [Modules] Checking for module updates at https://discord.com/api/modules/stable/versions.json
2024-09-29T08:30:30.457Z [Modules] No module updates available.
2024-09-29T08:30:31.511Z [Modules] Checking for host updates.
2024-09-29T08:30:31.786Z [Modules] Host is up to date.
2024-09-29T08:30:31.786Z [Modules] Checking for module updates at https://discord.com/api/modules/stable/versions.json
2024-09-29T08:30:31.791Z [Modules] No module updates available.
2024-09-29T08:30:33.089Z [Modules] Checking for host updates.
2024-09-29T08:30:33.387Z [Modules] Host is up to date.
2024-09-29T08:30:33.387Z [Modules] Checking for module updates at https://discord.com/api/modules/stable/versions.json
2024-09-29T08:30:33.391Z [Modules] No module updates available.
2024-09-29T08:57:05.717Z [Modules] Modules initializing
2024-09-29T08:57:05.718Z [Modules] Distribution: remote
2024-09-29T08:57:05.718Z [Modules] Host updates: enabled
2024-09-29T08:57:05.718Z [Modules] Module updates: enabled
2024-09-29T08:57:05.718Z [Modules] Module install path: /home/aurevelle/.config/discord/0.0.69/modules
2024-09-29T08:57:05.718Z [Modules] Module installed file path: /home/aurevelle/.config/discord/0.0.69/modules/installed.json
2024-09-29T08:57:05.718Z [Modules] Module download path: /home/aurevelle/.config/discord/0.0.69/modules/pending
2024-09-29T08:57:06.044Z [Modules] No updates to install
2024-09-29T08:57:06.044Z [Modules] Checking for host updates.
2024-09-29T08:57:06.562Z [Modules] Host is up to date.
2024-09-29T08:57:06.563Z [Modules] Checking for module updates at https://discord.com/api/modules/stable/versions.json
2024-09-29T08:57:06.583Z [Modules] No module updates available.
2024-09-29T08:57:07.460Z [Modules] Checking for host updates.
2024-09-29T08:57:07.768Z [Modules] Host is up to date.
2024-09-29T08:57:07.768Z [Modules] Checking for module updates at https://discord.com/api/modules/stable/versions.json
2024-09-29T08:57:07.770Z [Modules] No module updates available.
2024-09-29T09:01:10.478Z [Modules] Modules initializing
2024-09-29T09:01:10.478Z [Modules] Distribution: remote
2024-09-29T09:01:10.478Z [Modules] Host updates: enabled
2024-09-29T09:01:10.478Z [Modules] Module updates: enabled
2024-09-29T09:01:10.478Z [Modules] Module install path: /home/aurevelle/.config/discord/0.0.69/modules
2024-09-29T09:01:10.479Z [Modules] Module installed file path: /home/aurevelle/.config/discord/0.0.69/modules/installed.json
2024-09-29T09:01:10.479Z [Modules] Module download path: /home/aurevelle/.config/discord/0.0.69/modules/pending
2024-09-29T09:01:10.798Z [Modules] No updates to install
2024-09-29T09:01:10.799Z [Modules] Checking for host updates.
2024-09-29T09:01:11.198Z [Modules] Host is up to date.
2024-09-29T09:01:11.198Z [Modules] Checking for module updates at https://discord.com/api/modules/stable/versions.json
2024-09-29T09:01:11.219Z [Modules] No module updates available.
2024-09-29T09:01:12.077Z [Modules] Checking for host updates.
2024-09-29T09:01:12.425Z [Modules] Host is up to date.
2024-09-29T09:01:12.426Z [Modules] Checking for module updates at https://discord.com/api/modules/stable/versions.json
2024-09-29T09:01:12.427Z [Modules] No module updates available.
2024-09-29T09:02:54.596Z [Modules] Modules initializing
2024-09-29T09:02:54.596Z [Modules] Distribution: remote
2024-09-29T09:02:54.596Z [Modules] Host updates: enabled
2024-09-29T09:02:54.596Z [Modules] Module updates: enabled
2024-09-29T09:02:54.596Z [Modules] Module install path: /home/aurevelle/.config/discord/0.0.69/modules
2024-09-29T09:02:54.596Z [Modules] Module installed file path: /home/aurevelle/.config/discord/0.0.69/modules/installed.json
2024-09-29T09:02:54.596Z [Modules] Module download path: /home/aurevelle/.config/discord/0.0.69/modules/pending
2024-09-29T09:02:54.893Z [Modules] No updates to install
2024-09-29T09:02:54.894Z [Modules] Checking for host updates.
2024-09-29T09:02:55.275Z [Modules] Host is up to date.
2024-09-29T09:02:55.276Z [Modules] Checking for module updates at https://discord.com/api/modules/stable/versions.json
2024-09-29T09:02:55.280Z [Modules] No module updates available.
2024-09-29T09:02:56.087Z [Modules] Checking for host updates.
2024-09-29T09:02:56.462Z [Modules] Host is up to date.
2024-09-29T09:02:56.462Z [Modules] Checking for module updates at https://discord.com/api/modules/stable/versions.json
2024-09-29T09:02:56.464Z [Modules] No module updates available.
2024-09-29T09:08:51.372Z [Modules] Modules initializing
2024-09-29T09:08:51.372Z [Modules] Distribution: remote
2024-09-29T09:08:51.372Z [Modules] Host updates: enabled
2024-09-29T09:08:51.372Z [Modules] Module updates: enabled
2024-09-29T09:08:51.372Z [Modules] Module install path: /home/aurevelle/.config/discord/0.0.69/modules
2024-09-29T09:08:51.372Z [Modules] Module installed file path: /home/aurevelle/.config/discord/0.0.69/modules/installed.json
2024-09-29T09:08:51.372Z [Modules] Module download path: /home/aurevelle/.config/discord/0.0.69/modules/pending
2024-09-29T09:08:51.684Z [Modules] No updates to install
2024-09-29T09:08:51.685Z [Modules] Checking for host updates.
2024-09-29T09:08:52.025Z [Modules] Host is up to date.
2024-09-29T09:08:52.026Z [Modules] Checking for module updates at https://discord.com/api/modules/stable/versions.json
2024-09-29T09:08:52.049Z [Modules] No module updates available.
2024-09-29T09:08:53.152Z [Modules] Checking for host updates.
2024-09-29T09:08:53.533Z [Modules] Host is up to date.
2024-09-29T09:08:53.533Z [Modules] Checking for module updates at https://discord.com/api/modules/stable/versions.json
2024-09-29T09:08:53.535Z [Modules] No module updates available.
