2024-09-29 09:20:14 Loading main app package /usr/lib/obsidian/obsidian.asar
2024-09-29 09:20:14 Checking for update using Github
2024-09-29 09:20:14 Success.
2024-09-29 09:20:14 Latest version is 1.6.7
2024-09-29 09:20:14 App is up to date.
2024-09-30 09:52:32 Loading main app package /usr/lib/obsidian/obsidian.asar
2024-09-30 09:52:33 Checking for update using Github
2024-09-30 09:52:33 Success.
2024-09-30 09:52:33 Latest version is 1.6.7
2024-09-30 09:52:33 App is up to date.
2024-10-04 08:18:20 Loading main app package /usr/lib/obsidian/obsidian.asar
2024-10-04 08:18:20 Checking for update using Github
2024-10-04 08:18:20 Success.
2024-10-04 08:18:20 Latest version is 1.6.7
2024-10-04 08:18:20 App is up to date.
2024-10-04 08:18:26 Loading main app package /usr/lib/obsidian/obsidian.asar
2024-10-04 08:18:26 Checking for update using Github
2024-10-04 08:18:26 Success.
2024-10-04 08:18:26 Latest version is 1.6.7
2024-10-04 08:18:26 App is up to date.
2024-12-05 08:09:43 Loading main app package /usr/lib/obsidian/obsidian.asar
2024-12-05 08:09:43 Checking for update using Github
2024-12-05 08:09:43 Success.
2024-12-05 08:09:43 Latest version is 1.7.7
2024-12-05 08:09:43 Downloading update from https://github.com/obsidianmd/obsidian-releases/releases/download/v1.7.7/obsidian-1.7.7.asar.gz
2024-12-05 08:09:45 Verifying hash & signature. Size= 8000009
2024-12-05 08:09:45 Saving file
2024-12-05 08:09:45 Update complete.
2024-12-05 09:09:43 Checking for update using Github
2024-12-05 09:09:43 Success.
2024-12-05 09:09:43 Latest version is 1.7.7
2024-12-05 09:09:43 An update is already downloaded.
2024-12-05 10:08:36 Loading updated app package /home/aurevelle/.config/obsidian/obsidian-1.7.7.asar
2024-12-05 10:08:36 Checking for update using Github
2024-12-05 10:08:37 Success.
2024-12-05 10:08:37 Latest version is 1.7.7
2024-12-05 10:08:37 App is up to date.
2024-12-05 10:10:08 Loading updated app package /home/aurevelle/.config/obsidian/obsidian-1.7.7.asar
2024-12-05 10:10:08 Checking for update using Github
2024-12-05 10:10:08 Success.
2024-12-05 10:10:08 Latest version is 1.7.7
2024-12-05 10:10:08 App is up to date.
2024-12-05 11:10:08 Checking for update using Github
2024-12-05 11:10:08 Success.
2024-12-05 11:10:08 Latest version is 1.7.7
2024-12-05 11:10:08 App is up to date.
2024-12-05 12:10:08 Checking for update using Github
2024-12-05 12:10:08 Success.
2024-12-05 12:10:08 Latest version is 1.7.7
2024-12-05 12:10:08 App is up to date.
2024-12-05 13:10:08 Checking for update using Github
2024-12-05 13:10:08 Success.
2024-12-05 13:10:08 Latest version is 1.7.7
2024-12-05 13:10:08 App is up to date.
2024-12-05 14:10:08 Checking for update using Github
2024-12-05 14:10:08 Success.
2024-12-05 14:10:08 Latest version is 1.7.7
2024-12-05 14:10:08 App is up to date.
2024-12-05 15:10:08 Checking for update using Github
2024-12-05 15:10:08 Success.
2024-12-05 15:10:08 Latest version is 1.7.7
2024-12-05 15:10:08 App is up to date.
2024-12-05 16:10:08 Checking for update using Github
2024-12-05 16:10:08 Success.
2024-12-05 16:10:08 Latest version is 1.7.7
2024-12-05 16:10:08 App is up to date.
2024-12-05 17:10:08 Checking for update using Github
2024-12-05 17:10:08 Success.
2024-12-05 17:10:08 Latest version is 1.7.7
2024-12-05 17:10:08 App is up to date.
2024-12-05 18:10:08 Checking for update using Github
2024-12-05 18:10:08 Success.
2024-12-05 18:10:08 Latest version is 1.7.7
2024-12-05 18:10:08 App is up to date.
2024-12-05 19:10:08 Checking for update using Github
2024-12-05 19:10:08 Success.
2024-12-05 19:10:08 Latest version is 1.7.7
2024-12-05 19:10:08 App is up to date.
2024-12-05 20:10:08 Checking for update using Github
2024-12-05 20:10:08 Success.
2024-12-05 20:10:08 Latest version is 1.7.7
2024-12-05 20:10:08 App is up to date.
2024-12-05 21:02:29 Loading updated app package /home/aurevelle/.config/obsidian/obsidian-1.7.7.asar
2024-12-05 21:02:29 Checking for update using Github
2024-12-05 21:02:30 Success.
2024-12-05 21:02:30 Latest version is 1.7.7
2024-12-05 21:02:30 App is up to date.
2024-12-05 22:02:29 Checking for update using Github
2024-12-05 22:02:29 Success.
2024-12-05 22:02:29 Latest version is 1.7.7
2024-12-05 22:02:29 App is up to date.
2024-12-05 23:02:29 Checking for update using Github
2024-12-05 23:02:29 Success.
2024-12-05 23:02:29 Latest version is 1.7.7
2024-12-05 23:02:29 App is up to date.
2024-12-09 21:05:45 Loading main app package /usr/lib/obsidian/obsidian.asar
2024-12-09 21:05:45 Checking for update using Github
2024-12-09 21:05:45 Success.
2024-12-09 21:05:45 Latest version is 1.7.7
2024-12-09 21:05:45 App is up to date.
2024-12-09 22:05:45 Checking for update using Github
2024-12-09 22:05:45 Success.
2024-12-09 22:05:45 Latest version is 1.7.7
2024-12-09 22:05:45 App is up to date.
2024-12-09 23:05:45 Checking for update using Github
2024-12-09 23:05:45 Success.
2024-12-09 23:05:45 Latest version is 1.7.7
2024-12-09 23:05:45 App is up to date.
2024-12-12 20:07:51 Loading main app package /usr/lib/obsidian/obsidian.asar
2024-12-12 20:07:51 Checking for update using Github
2024-12-12 20:07:51 Success.
2024-12-12 20:07:51 Latest version is 1.7.7
2024-12-12 20:07:51 App is up to date.
2024-12-12 21:07:51 Checking for update using Github
2024-12-12 21:07:51 Success.
2024-12-12 21:07:51 Latest version is 1.7.7
2024-12-12 21:07:51 App is up to date.
2024-12-12 22:07:51 Checking for update using Github
2024-12-12 22:07:51 Success.
2024-12-12 22:07:51 Latest version is 1.7.7
2024-12-12 22:07:51 App is up to date.
2024-12-12 23:07:51 Checking for update using Github
2024-12-12 23:07:51 Success.
2024-12-12 23:07:51 Latest version is 1.7.7
2024-12-12 23:07:51 App is up to date.
2024-12-13 00:07:51 Checking for update using Github
2024-12-13 00:07:51 Success.
2024-12-13 00:07:51 Latest version is 1.7.7
2024-12-13 00:07:51 App is up to date.
2024-12-13 01:07:51 Checking for update using Github
2024-12-13 01:07:51 Success.
2024-12-13 01:07:51 Latest version is 1.7.7
2024-12-13 01:07:51 App is up to date.
2024-12-13 02:07:51 Checking for update using Github
2024-12-13 02:07:51 Success.
2024-12-13 02:07:51 Latest version is 1.7.7
2024-12-13 02:07:51 App is up to date.
2024-12-13 03:07:51 Checking for update using Github
2024-12-13 03:07:51 Success.
2024-12-13 03:07:51 Latest version is 1.7.7
2024-12-13 03:07:51 App is up to date.
2024-12-13 04:07:51 Checking for update using Github
2024-12-13 04:07:51 Success.
2024-12-13 04:07:51 Latest version is 1.7.7
2024-12-13 04:07:51 App is up to date.
2024-12-13 05:07:51 Checking for update using Github
2024-12-13 05:07:51 Success.
2024-12-13 05:07:51 Latest version is 1.7.7
2024-12-13 05:07:51 App is up to date.
2024-12-13 06:07:51 Checking for update using Github
2024-12-13 06:07:51 Success.
2024-12-13 06:07:51 Latest version is 1.7.7
2024-12-13 06:07:51 App is up to date.
2024-12-13 07:07:51 Checking for update using Github
2024-12-13 07:07:51 Success.
2024-12-13 07:07:51 Latest version is 1.7.7
2024-12-13 07:07:51 App is up to date.
2024-12-13 08:07:51 Checking for update using Github
2024-12-13 08:07:51 Success.
2024-12-13 08:07:51 Latest version is 1.7.7
2024-12-13 08:07:51 App is up to date.
2024-12-13 09:07:52 Checking for update using Github
2024-12-13 09:07:52 Success.
2024-12-13 09:07:52 Latest version is 1.7.7
2024-12-13 09:07:52 App is up to date.
2024-12-13 10:07:52 Checking for update using Github
2024-12-13 10:07:52 Success.
2024-12-13 10:07:52 Latest version is 1.7.7
2024-12-13 10:07:52 App is up to date.
2024-12-13 11:07:52 Checking for update using Github
2024-12-13 11:07:52 Success.
2024-12-13 11:07:52 Latest version is 1.7.7
2024-12-13 11:07:52 App is up to date.
2024-12-13 12:07:52 Checking for update using Github
2024-12-13 12:07:52 Success.
2024-12-13 12:07:52 Latest version is 1.7.7
2024-12-13 12:07:52 App is up to date.
2024-12-13 13:07:52 Checking for update using Github
2024-12-13 13:07:52 Success.
2024-12-13 13:07:52 Latest version is 1.7.7
2024-12-13 13:07:52 App is up to date.
2024-12-13 14:07:52 Checking for update using Github
2024-12-13 14:07:52 Success.
2024-12-13 14:07:52 Latest version is 1.7.7
2024-12-13 14:07:52 App is up to date.
2024-12-13 15:07:52 Checking for update using Github
2024-12-13 15:07:52 Success.
2024-12-13 15:07:52 Latest version is 1.7.7
2024-12-13 15:07:52 App is up to date.
2024-12-13 16:07:52 Checking for update using Github
2024-12-13 16:07:52 Success.
2024-12-13 16:07:52 Latest version is 1.7.7
2024-12-13 16:07:52 App is up to date.
2024-12-13 17:07:52 Checking for update using Github
2024-12-13 17:07:52 Success.
2024-12-13 17:07:52 Latest version is 1.7.7
2024-12-13 17:07:52 App is up to date.
2024-12-13 18:07:52 Checking for update using Github
2024-12-13 18:07:52 Success.
2024-12-13 18:07:52 Latest version is 1.7.7
2024-12-13 18:07:52 App is up to date.
2024-12-13 19:07:52 Checking for update using Github
2024-12-13 19:07:52 Success.
2024-12-13 19:07:52 Latest version is 1.7.7
2024-12-13 19:07:52 App is up to date.
2024-12-13 20:07:52 Checking for update using Github
2024-12-13 20:07:52 Success.
2024-12-13 20:07:52 Latest version is 1.7.7
2024-12-13 20:07:52 App is up to date.
2024-12-13 21:07:52 Checking for update using Github
2024-12-13 21:07:53 Success.
2024-12-13 21:07:53 Latest version is 1.7.7
2024-12-13 21:07:53 App is up to date.
2024-12-13 22:07:53 Checking for update using Github
2024-12-13 22:07:53 Success.
2024-12-13 22:07:53 Latest version is 1.7.7
2024-12-13 22:07:53 App is up to date.
2024-12-13 23:07:53 Checking for update using Github
2024-12-13 23:07:53 Success.
2024-12-13 23:07:53 Latest version is 1.7.7
2024-12-13 23:07:53 App is up to date.
2024-12-14 00:07:53 Checking for update using Github
2024-12-14 00:07:53 Success.
2024-12-14 00:07:53 Latest version is 1.7.7
2024-12-14 00:07:53 App is up to date.
2024-12-14 01:07:53 Checking for update using Github
2024-12-14 01:07:53 Success.
2024-12-14 01:07:53 Latest version is 1.7.7
2024-12-14 01:07:53 App is up to date.
2024-12-14 02:07:53 Checking for update using Github
2024-12-14 02:07:53 Success.
2024-12-14 02:07:53 Latest version is 1.7.7
2024-12-14 02:07:53 App is up to date.
2024-12-14 03:07:53 Checking for update using Github
2024-12-14 03:07:53 Success.
2024-12-14 03:07:53 Latest version is 1.7.7
2024-12-14 03:07:53 App is up to date.
2024-12-14 04:07:53 Checking for update using Github
2024-12-14 04:07:53 Success.
2024-12-14 04:07:53 Latest version is 1.7.7
2024-12-14 04:07:53 App is up to date.
2024-12-14 05:07:53 Checking for update using Github
2024-12-14 05:07:53 Success.
2024-12-14 05:07:53 Latest version is 1.7.7
2024-12-14 05:07:53 App is up to date.
2024-12-14 06:07:53 Checking for update using Github
2024-12-14 06:07:53 Success.
2024-12-14 06:07:53 Latest version is 1.7.7
2024-12-14 06:07:53 App is up to date.
2024-12-14 07:07:53 Checking for update using Github
2024-12-14 07:07:53 Success.
2024-12-14 07:07:53 Latest version is 1.7.7
2024-12-14 07:07:53 App is up to date.
2024-12-14 08:07:53 Checking for update using Github
2024-12-14 08:07:53 Success.
2024-12-14 08:07:53 Latest version is 1.7.7
2024-12-14 08:07:53 App is up to date.
2024-12-14 09:07:53 Checking for update using Github
2024-12-14 09:07:53 Success.
2024-12-14 09:07:53 Latest version is 1.7.7
2024-12-14 09:07:53 App is up to date.
2024-12-14 10:07:54 Checking for update using Github
2024-12-14 10:07:54 Success.
2024-12-14 10:07:54 Latest version is 1.7.7
2024-12-14 10:07:54 App is up to date.
2024-12-14 11:07:54 Checking for update using Github
2024-12-14 11:07:54 Success.
2024-12-14 11:07:54 Latest version is 1.7.7
2024-12-14 11:07:54 App is up to date.
2024-12-14 12:07:54 Checking for update using Github
2024-12-14 12:07:54 Success.
2024-12-14 12:07:54 Latest version is 1.7.7
2024-12-14 12:07:54 App is up to date.
2024-12-14 13:07:54 Checking for update using Github
2024-12-14 13:07:54 Success.
2024-12-14 13:07:54 Latest version is 1.7.7
2024-12-14 13:07:54 App is up to date.
2024-12-14 14:07:54 Checking for update using Github
2024-12-14 14:07:54 Success.
2024-12-14 14:07:54 Latest version is 1.7.7
2024-12-14 14:07:54 App is up to date.
2024-12-14 15:07:54 Checking for update using Github
2024-12-14 15:07:54 Success.
2024-12-14 15:07:54 Latest version is 1.7.7
2024-12-14 15:07:54 App is up to date.
2024-12-14 16:07:54 Checking for update using Github
2024-12-14 16:07:54 Success.
2024-12-14 16:07:54 Latest version is 1.7.7
2024-12-14 16:07:54 App is up to date.
2024-12-14 17:07:54 Checking for update using Github
2024-12-14 17:07:54 Success.
2024-12-14 17:07:54 Latest version is 1.7.7
2024-12-14 17:07:54 App is up to date.
2024-12-14 18:07:54 Checking for update using Github
2024-12-14 18:07:54 Success.
2024-12-14 18:07:54 Latest version is 1.7.7
2024-12-14 18:07:54 App is up to date.
2024-12-14 19:07:54 Checking for update using Github
2024-12-14 19:07:54 Success.
2024-12-14 19:07:54 Latest version is 1.7.7
2024-12-14 19:07:54 App is up to date.
2024-12-14 20:07:54 Checking for update using Github
2024-12-14 20:07:54 Success.
2024-12-14 20:07:54 Latest version is 1.7.7
2024-12-14 20:07:54 App is up to date.
2024-12-14 21:07:54 Checking for update using Github
2024-12-14 21:07:54 Success.
2024-12-14 21:07:54 Latest version is 1.7.7
2024-12-14 21:07:54 App is up to date.
2024-12-14 22:07:55 Checking for update using Github
2024-12-14 22:07:55 Success.
2024-12-14 22:07:55 Latest version is 1.7.7
2024-12-14 22:07:55 App is up to date.
2024-12-14 23:07:55 Checking for update using Github
2024-12-14 23:07:55 Success.
2024-12-14 23:07:55 Latest version is 1.7.7
2024-12-14 23:07:55 App is up to date.
2024-12-15 00:07:55 Checking for update using Github
2024-12-15 00:07:55 Success.
2024-12-15 00:07:55 Latest version is 1.7.7
2024-12-15 00:07:55 App is up to date.
2024-12-15 00:59:06 Checking for update using Github
2024-12-15 00:59:06 Success.
2024-12-15 00:59:06 Latest version is 1.7.7
2024-12-15 00:59:06 App is up to date.
2024-12-15 01:07:55 Checking for update using Github
2024-12-15 01:07:55 Success.
2024-12-15 01:07:55 Latest version is 1.7.7
2024-12-15 01:07:55 App is up to date.
2024-12-15 02:07:55 Checking for update using Github
2024-12-15 02:07:55 Success.
2024-12-15 02:07:55 Latest version is 1.7.7
2024-12-15 02:07:55 App is up to date.
2024-12-15 03:07:55 Checking for update using Github
2024-12-15 03:07:55 Success.
2024-12-15 03:07:55 Latest version is 1.7.7
2024-12-15 03:07:55 App is up to date.
2024-12-15 04:07:55 Checking for update using Github
2024-12-15 04:07:55 Success.
2024-12-15 04:07:55 Latest version is 1.7.7
2024-12-15 04:07:55 App is up to date.
2024-12-15 05:07:55 Checking for update using Github
2024-12-15 05:07:55 Success.
2024-12-15 05:07:55 Latest version is 1.7.7
2024-12-15 05:07:55 App is up to date.
2024-12-15 06:07:55 Checking for update using Github
2024-12-15 06:07:55 Success.
2024-12-15 06:07:55 Latest version is 1.7.7
2024-12-15 06:07:55 App is up to date.
2024-12-15 07:07:55 Checking for update using Github
2024-12-15 07:07:55 Success.
2024-12-15 07:07:55 Latest version is 1.7.7
2024-12-15 07:07:55 App is up to date.
2024-12-15 08:07:55 Checking for update using Github
2024-12-15 08:07:55 Success.
2024-12-15 08:07:55 Latest version is 1.7.7
2024-12-15 08:07:55 App is up to date.
2024-12-15 09:04:00 Loading main app package /usr/lib/obsidian/obsidian.asar
2024-12-15 09:04:00 Checking for update using Github
2024-12-15 09:04:00 Success.
2024-12-15 09:04:00 Latest version is 1.7.7
2024-12-15 09:04:00 App is up to date.
2024-12-15 10:04:00 Checking for update using Github
2024-12-15 10:04:00 Success.
2024-12-15 10:04:00 Latest version is 1.7.7
2024-12-15 10:04:00 App is up to date.
2024-12-15 11:04:00 Checking for update using Github
2024-12-15 11:04:00 Success.
2024-12-15 11:04:00 Latest version is 1.7.7
2024-12-15 11:04:00 App is up to date.
2024-12-15 12:04:00 Checking for update using Github
2024-12-15 12:04:00 Success.
2024-12-15 12:04:00 Latest version is 1.7.7
2024-12-15 12:04:00 App is up to date.
2024-12-15 13:04:00 Checking for update using Github
2024-12-15 13:04:00 Success.
2024-12-15 13:04:00 Latest version is 1.7.7
2024-12-15 13:04:00 App is up to date.
2024-12-15 14:04:00 Checking for update using Github
2024-12-15 14:04:00 Success.
2024-12-15 14:04:00 Latest version is 1.7.7
2024-12-15 14:04:00 App is up to date.
2024-12-15 15:04:00 Checking for update using Github
2024-12-15 15:04:00 Success.
2024-12-15 15:04:00 Latest version is 1.7.7
2024-12-15 15:04:00 App is up to date.
2024-12-15 16:04:00 Checking for update using Github
2024-12-15 16:04:00 Success.
2024-12-15 16:04:00 Latest version is 1.7.7
2024-12-15 16:04:00 App is up to date.
2024-12-15 17:04:00 Checking for update using Github
2024-12-15 17:04:00 Success.
2024-12-15 17:04:00 Latest version is 1.7.7
2024-12-15 17:04:00 App is up to date.
2024-12-15 18:04:00 Checking for update using Github
2024-12-15 18:04:01 Success.
2024-12-15 18:04:01 Latest version is 1.7.7
2024-12-15 18:04:01 App is up to date.
2024-12-15 19:04:01 Checking for update using Github
2024-12-15 19:04:01 Success.
2024-12-15 19:04:01 Latest version is 1.7.7
2024-12-15 19:04:01 App is up to date.
2024-12-15 20:04:01 Checking for update using Github
2024-12-15 20:04:01 Success.
2024-12-15 20:04:01 Latest version is 1.7.7
2024-12-15 20:04:01 App is up to date.
2024-12-15 21:04:01 Checking for update using Github
2024-12-15 21:04:01 Success.
2024-12-15 21:04:01 Latest version is 1.7.7
2024-12-15 21:04:01 App is up to date.
2024-12-15 22:04:01 Checking for update using Github
2024-12-15 22:04:01 Success.
2024-12-15 22:04:01 Latest version is 1.7.7
2024-12-15 22:04:01 App is up to date.
2024-12-15 23:04:01 Checking for update using Github
2024-12-15 23:04:01 Success.
2024-12-15 23:04:01 Latest version is 1.7.7
2024-12-15 23:04:01 App is up to date.
2024-12-16 00:04:01 Checking for update using Github
2024-12-16 00:04:01 Success.
2024-12-16 00:04:01 Latest version is 1.7.7
2024-12-16 00:04:01 App is up to date.
2024-12-16 01:04:01 Checking for update using Github
2024-12-16 01:04:01 Success.
2024-12-16 01:04:01 Latest version is 1.7.7
2024-12-16 01:04:01 App is up to date.
2024-12-16 02:04:01 Checking for update using Github
2024-12-16 02:04:01 Success.
2024-12-16 02:04:01 Latest version is 1.7.7
2024-12-16 02:04:01 App is up to date.
2024-12-16 03:04:01 Checking for update using Github
2024-12-16 03:04:01 Success.
2024-12-16 03:04:01 Latest version is 1.7.7
2024-12-16 03:04:01 App is up to date.
2024-12-16 04:04:01 Checking for update using Github
2024-12-16 04:04:01 Success.
2024-12-16 04:04:01 Latest version is 1.7.7
2024-12-16 04:04:01 App is up to date.
2024-12-16 05:04:01 Checking for update using Github
2024-12-16 05:04:01 Success.
2024-12-16 05:04:01 Latest version is 1.7.7
2024-12-16 05:04:01 App is up to date.
2024-12-16 06:04:01 Checking for update using Github
2024-12-16 06:04:02 Success.
2024-12-16 06:04:02 Latest version is 1.7.7
2024-12-16 06:04:02 App is up to date.
2024-12-16 07:04:02 Checking for update using Github
2024-12-16 07:04:02 Success.
2024-12-16 07:04:02 Latest version is 1.7.7
2024-12-16 07:04:02 App is up to date.
2024-12-16 08:04:02 Checking for update using Github
2024-12-16 08:04:02 Success.
2024-12-16 08:04:02 Latest version is 1.7.7
2024-12-16 08:04:02 App is up to date.
2024-12-16 09:04:02 Checking for update using Github
2024-12-16 09:04:02 Success.
2024-12-16 09:04:02 Latest version is 1.7.7
2024-12-16 09:04:02 App is up to date.
2024-12-16 10:04:02 Checking for update using Github
2024-12-16 10:04:02 Success.
2024-12-16 10:04:02 Latest version is 1.7.7
2024-12-16 10:04:02 App is up to date.
2024-12-16 11:04:02 Checking for update using Github
2024-12-16 11:04:02 Success.
2024-12-16 11:04:02 Latest version is 1.7.7
2024-12-16 11:04:02 App is up to date.
2024-12-16 12:04:02 Checking for update using Github
2024-12-16 12:04:02 Success.
2024-12-16 12:04:02 Latest version is 1.7.7
2024-12-16 12:04:02 App is up to date.
2024-12-16 13:04:02 Checking for update using Github
2024-12-16 13:04:02 Success.
2024-12-16 13:04:02 Latest version is 1.7.7
2024-12-16 13:04:02 App is up to date.
2024-12-16 14:04:02 Checking for update using Github
2024-12-16 14:04:02 Success.
2024-12-16 14:04:02 Latest version is 1.7.7
2024-12-16 14:04:02 App is up to date.
2024-12-16 15:04:02 Checking for update using Github
2024-12-16 15:04:02 Success.
2024-12-16 15:04:02 Latest version is 1.7.7
2024-12-16 15:04:02 App is up to date.
2024-12-16 16:04:02 Checking for update using Github
2024-12-16 16:04:02 Success.
2024-12-16 16:04:02 Latest version is 1.7.7
2024-12-16 16:04:02 App is up to date.
2024-12-16 17:04:02 Checking for update using Github
2024-12-16 17:04:02 Success.
2024-12-16 17:04:02 Latest version is 1.7.7
2024-12-16 17:04:03 App is up to date.
2024-12-16 18:04:03 Checking for update using Github
2024-12-16 18:04:03 Success.
2024-12-16 18:04:03 Latest version is 1.7.7
2024-12-16 18:04:03 App is up to date.
2024-12-16 19:04:03 Checking for update using Github
2024-12-16 19:04:03 Success.
2024-12-16 19:04:03 Latest version is 1.7.7
2024-12-16 19:04:03 App is up to date.
2024-12-16 20:04:03 Checking for update using Github
2024-12-16 20:04:03 Success.
2024-12-16 20:04:03 Latest version is 1.7.7
2024-12-16 20:04:03 App is up to date.
2024-12-16 20:50:02 Loading main app package /usr/lib/obsidian/obsidian.asar
2024-12-16 20:50:02 Checking for update using Github
2024-12-16 20:50:02 Success.
2024-12-16 20:50:02 Latest version is 1.7.7
2024-12-16 20:50:02 App is up to date.
2024-12-16 21:50:02 Checking for update using Github
2024-12-16 21:50:02 Success.
2024-12-16 21:50:02 Latest version is 1.7.7
2024-12-16 21:50:02 App is up to date.
2024-12-16 22:50:02 Checking for update using Github
2024-12-16 22:50:02 Success.
2024-12-16 22:50:02 Latest version is 1.7.7
2024-12-16 22:50:02 App is up to date.
2024-12-16 23:50:02 Checking for update using Github
2024-12-16 23:50:02 Success.
2024-12-16 23:50:02 Latest version is 1.7.7
2024-12-16 23:50:02 App is up to date.
2024-12-17 00:50:02 Checking for update using Github
2024-12-17 00:50:02 Success.
2024-12-17 00:50:02 Latest version is 1.7.7
2024-12-17 00:50:02 App is up to date.
2024-12-17 01:50:02 Checking for update using Github
2024-12-17 01:50:03 Success.
2024-12-17 01:50:03 Latest version is 1.7.7
2024-12-17 01:50:03 App is up to date.
2024-12-17 02:50:03 Checking for update using Github
2024-12-17 02:50:03 Success.
2024-12-17 02:50:03 Latest version is 1.7.7
2024-12-17 02:50:03 App is up to date.
2024-12-17 03:50:03 Checking for update using Github
2024-12-17 03:50:03 Success.
2024-12-17 03:50:03 Latest version is 1.7.7
2024-12-17 03:50:03 App is up to date.
2024-12-17 04:50:03 Checking for update using Github
2024-12-17 04:50:03 Success.
2024-12-17 04:50:03 Latest version is 1.7.7
2024-12-17 04:50:03 App is up to date.
2024-12-17 05:50:03 Checking for update using Github
2024-12-17 05:50:03 Success.
2024-12-17 05:50:03 Latest version is 1.7.7
2024-12-17 05:50:03 App is up to date.
2024-12-17 06:50:03 Checking for update using Github
2024-12-17 06:50:03 Success.
2024-12-17 06:50:03 Latest version is 1.7.7
2024-12-17 06:50:03 App is up to date.
2024-12-17 07:50:03 Checking for update using Github
2024-12-17 07:50:03 Success.
2024-12-17 07:50:03 Latest version is 1.7.7
2024-12-17 07:50:03 App is up to date.
2024-12-17 08:50:03 Checking for update using Github
2024-12-17 08:50:03 Success.
2024-12-17 08:50:03 Latest version is 1.7.7
2024-12-17 08:50:03 App is up to date.
2024-12-17 09:50:03 Checking for update using Github
2024-12-17 09:50:03 Success.
2024-12-17 09:50:03 Latest version is 1.7.7
2024-12-17 09:50:03 App is up to date.
2024-12-17 10:50:03 Checking for update using Github
2024-12-17 10:50:03 Success.
2024-12-17 10:50:03 Latest version is 1.7.7
2024-12-17 10:50:03 App is up to date.
2024-12-17 11:50:03 Checking for update using Github
2024-12-17 11:50:03 Success.
2024-12-17 11:50:03 Latest version is 1.7.7
2024-12-17 11:50:03 App is up to date.
2024-12-17 12:50:03 Checking for update using Github
2024-12-17 12:50:03 Success.
2024-12-17 12:50:03 Latest version is 1.7.7
2024-12-17 12:50:03 App is up to date.
2024-12-17 13:50:03 Checking for update using Github
2024-12-17 13:50:03 Success.
2024-12-17 13:50:03 Latest version is 1.7.7
2024-12-17 13:50:03 App is up to date.
2024-12-17 14:50:03 Checking for update using Github
2024-12-17 14:50:03 Success.
2024-12-17 14:50:03 Latest version is 1.7.7
2024-12-17 14:50:03 App is up to date.
2024-12-17 15:50:03 Checking for update using Github
2024-12-17 15:50:04 Success.
2024-12-17 15:50:04 Latest version is 1.7.7
2024-12-17 15:50:04 App is up to date.
2024-12-17 16:50:04 Checking for update using Github
2024-12-17 16:50:04 Success.
2024-12-17 16:50:04 Latest version is 1.7.7
2024-12-17 16:50:04 App is up to date.
2024-12-17 17:50:04 Checking for update using Github
2024-12-17 17:50:04 Success.
2024-12-17 17:50:04 Latest version is 1.7.7
2024-12-17 17:50:04 App is up to date.
2024-12-17 18:50:04 Checking for update using Github
2024-12-17 18:50:04 Success.
2024-12-17 18:50:04 Latest version is 1.7.7
2024-12-17 18:50:04 App is up to date.
2024-12-17 19:50:04 Checking for update using Github
2024-12-17 19:50:04 Success.
2024-12-17 19:50:04 Latest version is 1.7.7
2024-12-17 19:50:04 App is up to date.
2024-12-17 20:50:04 Checking for update using Github
2024-12-17 20:50:04 Success.
2024-12-17 20:50:04 Latest version is 1.7.7
2024-12-17 20:50:04 App is up to date.
2024-12-17 21:50:04 Checking for update using Github
2024-12-17 21:50:04 Success.
2024-12-17 21:50:04 Latest version is 1.7.7
2024-12-17 21:50:04 App is up to date.
2024-12-17 22:50:04 Checking for update using Github
2024-12-17 22:50:04 Success.
2024-12-17 22:50:04 Latest version is 1.7.7
2024-12-17 22:50:04 App is up to date.
2024-12-17 23:50:04 Checking for update using Github
2024-12-17 23:50:04 Success.
2024-12-17 23:50:04 Latest version is 1.7.7
2024-12-17 23:50:04 App is up to date.
2024-12-18 00:50:04 Checking for update using Github
2024-12-18 00:50:04 Success.
2024-12-18 00:50:04 Latest version is 1.7.7
2024-12-18 00:50:04 App is up to date.
2024-12-18 01:50:04 Checking for update using Github
2024-12-18 01:50:04 Success.
2024-12-18 01:50:04 Latest version is 1.7.7
2024-12-18 01:50:04 App is up to date.
2024-12-18 02:50:04 Checking for update using Github
2024-12-18 02:50:04 Success.
2024-12-18 02:50:04 Latest version is 1.7.7
2024-12-18 02:50:04 App is up to date.
2024-12-18 03:50:04 Checking for update using Github
2024-12-18 03:50:04 Success.
2024-12-18 03:50:04 Latest version is 1.7.7
2024-12-18 03:50:04 App is up to date.
2024-12-18 04:50:04 Checking for update using Github
2024-12-18 04:50:04 Success.
2024-12-18 04:50:04 Latest version is 1.7.7
2024-12-18 04:50:04 App is up to date.
2024-12-18 05:50:05 Checking for update using Github
2024-12-18 05:50:05 Success.
2024-12-18 05:50:05 Latest version is 1.7.7
2024-12-18 05:50:05 App is up to date.
2024-12-18 06:50:05 Checking for update using Github
2024-12-18 06:50:05 Success.
2024-12-18 06:50:05 Latest version is 1.7.7
2024-12-18 06:50:05 App is up to date.
2024-12-18 07:50:05 Checking for update using Github
2024-12-18 07:50:05 Success.
2024-12-18 07:50:05 Latest version is 1.7.7
2024-12-18 07:50:05 App is up to date.
2024-12-18 08:50:05 Checking for update using Github
2024-12-18 08:50:05 Success.
2024-12-18 08:50:05 Latest version is 1.7.7
2024-12-18 08:50:05 App is up to date.
2024-12-18 09:50:05 Checking for update using Github
2024-12-18 09:50:05 Success.
2024-12-18 09:50:05 Latest version is 1.7.7
2024-12-18 09:50:05 App is up to date.
2024-12-18 10:50:05 Checking for update using Github
2024-12-18 10:50:05 Success.
2024-12-18 10:50:05 Latest version is 1.7.7
2024-12-18 10:50:05 App is up to date.
2024-12-18 11:50:05 Checking for update using Github
2024-12-18 11:50:05 Success.
2024-12-18 11:50:05 Latest version is 1.7.7
2024-12-18 11:50:05 App is up to date.
2024-12-18 12:50:05 Checking for update using Github
2024-12-18 12:50:05 Success.
2024-12-18 12:50:05 Latest version is 1.7.7
2024-12-18 12:50:05 App is up to date.
2024-12-18 13:50:05 Checking for update using Github
2024-12-18 13:50:05 Success.
2024-12-18 13:50:05 Latest version is 1.7.7
2024-12-18 13:50:05 App is up to date.
2024-12-18 14:50:05 Checking for update using Github
2024-12-18 14:50:06 Success.
2024-12-18 14:50:06 Latest version is 1.7.7
2024-12-18 14:50:06 App is up to date.
2024-12-18 15:50:05 Checking for update using Github
2024-12-18 15:50:05 Success.
2024-12-18 15:50:05 Latest version is 1.7.7
2024-12-18 15:50:05 App is up to date.
2024-12-18 16:50:05 Checking for update using Github
2024-12-18 16:50:06 Success.
2024-12-18 16:50:06 Latest version is 1.7.7
2024-12-18 16:50:06 App is up to date.
2024-12-18 17:50:06 Checking for update using Github
2024-12-18 17:50:06 Success.
2024-12-18 17:50:06 Latest version is 1.7.7
2024-12-18 17:50:06 App is up to date.
2024-12-18 18:50:06 Checking for update using Github
2024-12-18 18:50:06 Success.
2024-12-18 18:50:06 Latest version is 1.7.7
2024-12-18 18:50:06 App is up to date.
2024-12-18 19:50:06 Checking for update using Github
2024-12-18 19:50:06 Success.
2024-12-18 19:50:06 Latest version is 1.7.7
2024-12-18 19:50:06 App is up to date.
2024-12-18 20:50:06 Checking for update using Github
2024-12-18 20:50:06 Success.
2024-12-18 20:50:06 Latest version is 1.7.7
2024-12-18 20:50:06 App is up to date.
2024-12-18 21:50:06 Checking for update using Github
2024-12-18 21:50:06 Success.
2024-12-18 21:50:06 Latest version is 1.7.7
2024-12-18 21:50:06 App is up to date.
2024-12-18 22:50:06 Checking for update using Github
2024-12-18 22:50:06 Success.
2024-12-18 22:50:06 Latest version is 1.7.7
2024-12-18 22:50:06 App is up to date.
2024-12-18 23:50:06 Checking for update using Github
2024-12-18 23:50:06 Success.
2024-12-18 23:50:06 Latest version is 1.7.7
2024-12-18 23:50:06 App is up to date.
2024-12-19 00:50:06 Checking for update using Github
2024-12-19 00:50:06 Success.
2024-12-19 00:50:06 Latest version is 1.7.7
2024-12-19 00:50:06 App is up to date.
2024-12-19 01:50:06 Checking for update using Github
2024-12-19 01:50:06 Success.
2024-12-19 01:50:06 Latest version is 1.7.7
2024-12-19 01:50:06 App is up to date.
2024-12-19 02:50:06 Checking for update using Github
2024-12-19 02:50:06 Success.
2024-12-19 02:50:06 Latest version is 1.7.7
2024-12-19 02:50:06 App is up to date.
2024-12-19 03:50:06 Checking for update using Github
2024-12-19 03:50:06 Success.
2024-12-19 03:50:06 Latest version is 1.7.7
2024-12-19 03:50:06 App is up to date.
2024-12-19 04:50:06 Checking for update using Github
2024-12-19 04:50:06 Success.
2024-12-19 04:50:06 Latest version is 1.7.7
2024-12-19 04:50:06 App is up to date.
2024-12-19 05:50:06 Checking for update using Github
2024-12-19 05:50:06 Success.
2024-12-19 05:50:06 Latest version is 1.7.7
2024-12-19 05:50:06 App is up to date.
2024-12-19 06:50:06 Checking for update using Github
2024-12-19 06:50:06 Success.
2024-12-19 06:50:06 Latest version is 1.7.7
2024-12-19 06:50:06 App is up to date.
2024-12-19 07:50:06 Checking for update using Github
2024-12-19 07:50:07 Success.
2024-12-19 07:50:07 Latest version is 1.7.7
2024-12-19 07:50:07 App is up to date.
2024-12-19 08:50:06 Checking for update using Github
2024-12-19 08:50:06 Success.
2024-12-19 08:50:06 Latest version is 1.7.7
2024-12-19 08:50:06 App is up to date.
2024-12-19 09:50:07 Checking for update using Github
2024-12-19 09:50:07 Success.
2024-12-19 09:50:07 Latest version is 1.7.7
2024-12-19 09:50:07 App is up to date.
2024-12-19 10:50:07 Checking for update using Github
2024-12-19 10:50:07 Success.
2024-12-19 10:50:07 Latest version is 1.7.7
2024-12-19 10:50:07 App is up to date.
2024-12-19 11:50:07 Checking for update using Github
2024-12-19 11:50:07 Success.
2024-12-19 11:50:07 Latest version is 1.7.7
2024-12-19 11:50:07 App is up to date.
2024-12-19 12:50:07 Checking for update using Github
2024-12-19 12:50:07 Success.
2024-12-19 12:50:07 Latest version is 1.7.7
2024-12-19 12:50:07 App is up to date.
2024-12-19 13:50:07 Checking for update using Github
2024-12-19 13:50:07 Success.
2024-12-19 13:50:07 Latest version is 1.7.7
2024-12-19 13:50:07 App is up to date.
2024-12-19 14:50:07 Checking for update using Github
2024-12-19 14:50:07 Success.
2024-12-19 14:50:07 Latest version is 1.7.7
2024-12-19 14:50:07 App is up to date.
2024-12-19 15:50:07 Checking for update using Github
2024-12-19 15:50:07 Success.
2024-12-19 15:50:07 Latest version is 1.7.7
2024-12-19 15:50:07 App is up to date.
2024-12-19 16:50:07 Checking for update using Github
2024-12-19 16:50:07 Success.
2024-12-19 16:50:07 Latest version is 1.7.7
2024-12-19 16:50:07 App is up to date.
2024-12-19 17:50:07 Checking for update using Github
2024-12-19 17:50:07 Success.
2024-12-19 17:50:07 Latest version is 1.7.7
2024-12-19 17:50:07 App is up to date.
2024-12-19 18:50:07 Checking for update using Github
2024-12-19 18:50:07 Success.
2024-12-19 18:50:07 Latest version is 1.7.7
2024-12-19 18:50:07 App is up to date.
2024-12-19 19:50:07 Checking for update using Github
2024-12-19 19:50:07 Success.
2024-12-19 19:50:07 Latest version is 1.7.7
2024-12-19 19:50:07 App is up to date.
2024-12-19 20:50:07 Checking for update using Github
2024-12-19 20:50:07 Success.
2024-12-19 20:50:07 Latest version is 1.7.7
2024-12-19 20:50:07 App is up to date.
2024-12-19 21:11:09 Loading main app package /usr/lib/obsidian/obsidian.asar
2024-12-19 21:11:10 Checking for update using Github
2024-12-19 21:11:10 Success.
2024-12-19 21:11:10 Latest version is 1.7.7
2024-12-19 21:11:10 App is up to date.
2024-12-19 22:11:10 Checking for update using Github
2024-12-19 22:11:10 Success.
2024-12-19 22:11:10 Latest version is 1.7.7
2024-12-19 22:11:10 App is up to date.
2024-12-23 21:56:20 Loading main app package /usr/lib/obsidian/obsidian.asar
2024-12-23 21:56:20 Checking for update using Github
2024-12-23 21:56:21 Success.
2024-12-23 21:56:21 Latest version is 1.7.7
2024-12-23 21:56:21 App is up to date.
2024-12-23 22:56:20 Checking for update using Github
2024-12-23 22:56:20 Success.
2024-12-23 22:56:20 Latest version is 1.7.7
2024-12-23 22:56:20 App is up to date.
2024-12-30 21:00:35 Loading main app package /usr/lib/obsidian/obsidian.asar
2024-12-30 21:00:36 Checking for update using Github
2024-12-30 21:00:36 Success.
2024-12-30 21:00:36 Latest version is 1.7.7
2024-12-30 21:00:36 App is up to date.
2024-12-30 22:00:36 Checking for update using Github
2024-12-30 22:00:36 Success.
2024-12-30 22:00:36 Latest version is 1.7.7
2024-12-30 22:00:36 App is up to date.
2024-12-30 23:00:36 Checking for update using Github
2024-12-30 23:00:36 Success.
2024-12-30 23:00:36 Latest version is 1.7.7
2024-12-30 23:00:36 App is up to date.
2024-12-31 00:44:05 Loading main app package /usr/lib/obsidian/obsidian.asar
2024-12-31 00:44:05 Checking for update using Github
2024-12-31 00:44:05 Failed to check for update using Github (net::ERR_INTERNET_DISCONNECTED)
2024-12-31 00:44:05 Checking for update using obsidian.md
2024-12-31 00:44:05 Failed to check for update using obsidian.md (net::ERR_INTERNET_DISCONNECTED)
2025-01-02 00:44:15 Loading main app package /usr/lib/obsidian/obsidian.asar
2025-01-02 00:44:15 Checking for update using Github
2025-01-02 00:44:15 Success.
2025-01-02 00:44:15 Latest version is 1.7.7
2025-01-02 00:44:15 App is up to date.
2025-01-02 01:03:54 Loading main app package /usr/lib/obsidian/obsidian.asar
2025-01-02 01:03:54 Checking for update using Github
2025-01-02 01:03:54 Success.
2025-01-02 01:03:54 Latest version is 1.7.7
2025-01-02 01:03:54 App is up to date.
2025-01-02 21:07:29 Loading main app package /usr/lib/obsidian/obsidian.asar
2025-01-02 21:07:30 Checking for update using Github
2025-01-02 21:07:30 Success.
2025-01-02 21:07:30 Latest version is 1.7.7
2025-01-02 21:07:30 App is up to date.
2025-01-02 22:07:30 Checking for update using Github
2025-01-02 22:07:30 Success.
2025-01-02 22:07:30 Latest version is 1.7.7
2025-01-02 22:07:30 App is up to date.
2025-01-02 23:07:30 Checking for update using Github
2025-01-02 23:07:30 Success.
2025-01-02 23:07:30 Latest version is 1.7.7
2025-01-02 23:07:30 App is up to date.
2025-01-09 21:14:00 Loading main app package /usr/lib/obsidian/obsidian.asar
2025-01-09 21:14:00 Checking for update using Github
2025-01-09 21:14:00 Success.
2025-01-09 21:14:00 Latest version is 1.7.7
2025-01-09 21:14:00 App is up to date.
2025-01-09 22:14:00 Checking for update using Github
2025-01-09 22:14:00 Success.
2025-01-09 22:14:00 Latest version is 1.7.7
2025-01-09 22:14:00 App is up to date.
2025-01-09 23:14:00 Checking for update using Github
2025-01-09 23:14:00 Success.
2025-01-09 23:14:00 Latest version is 1.7.7
2025-01-09 23:14:00 App is up to date.
2025-01-10 10:26:17 Loading main app package /usr/lib/obsidian/obsidian.asar
2025-01-10 10:26:18 Checking for update using Github
2025-01-10 10:26:18 Success.
2025-01-10 10:26:18 Latest version is 1.7.7
2025-01-10 10:26:18 App is up to date.
2025-01-16 21:06:35 Loading main app package /usr/lib/obsidian/obsidian.asar
2025-01-16 21:06:36 Checking for update using Github
2025-01-16 21:06:36 Success.
2025-01-16 21:06:36 Latest version is 1.7.7
2025-01-16 21:06:36 App is up to date.
2025-01-16 22:06:35 Checking for update using Github
2025-01-16 22:06:35 Success.
2025-01-16 22:06:35 Latest version is 1.7.7
2025-01-16 22:06:35 App is up to date.
2025-01-16 23:06:35 Checking for update using Github
2025-01-16 23:06:35 Success.
2025-01-16 23:06:35 Latest version is 1.7.7
2025-01-16 23:06:35 App is up to date.
2025-06-20 02:10:32 Loading main app package /usr/lib/obsidian/obsidian.asar
2025-06-20 02:10:32 Checking for update using Github
2025-06-20 02:10:32 Success.
2025-06-20 02:10:32 Latest version is 1.8.10
2025-06-20 02:10:32 App is up to date.
