2024-09-29T08:23:31.376Z 0: 

----------------------------------------------
2024-09-29T08:23:31.385Z 1: Discord starting: {"releaseChannel":"stable","version":"0.0.69"}, modulepath: /home/aurevelle/.config/discord/0.0.69/modules
2024-09-29T08:23:31.389Z 2: ✅ webContents.created web1 ""
2024-09-29T08:23:31.392Z 3: ✅ window.created win1 "discord"
2024-09-29T08:23:31.650Z 4: ✅ webContents.did-finish-load web1
2024-09-29T08:23:48.451Z 5: ✅ webContents.created web2 ""
2024-09-29T08:23:48.453Z 6: ✅ window.created win2 "Discord"
2024-09-29T08:23:51.157Z 7: ✅ webContents.did-finish-load web2
2024-09-29T08:23:51.257Z 8: window.close win1
2024-09-29T08:23:51.332Z 9: webContents.destroyed web1
2024-09-29T08:23:51.334Z 10: window.closed win1
2024-09-29T08:24:32.323Z 11: window.close win2
2024-09-29T08:25:27.377Z 0: 

----------------------------------------------
2024-09-29T08:25:28.642Z 12: window.close win2
2024-09-29T08:25:33.428Z 13: before-quit
2024-09-29T08:25:33.437Z 14: window.close win2
2024-09-29T08:25:33.486Z 15: webContents.destroyed web2
2024-09-29T08:30:29.946Z 0: 

----------------------------------------------
2024-09-29T08:30:29.954Z 1: Discord starting: {"releaseChannel":"stable","version":"0.0.69"}, modulepath: /home/aurevelle/.config/discord/0.0.69/modules
2024-09-29T08:30:29.957Z 2: ✅ webContents.created web1 ""
2024-09-29T08:30:29.959Z 3: ✅ window.created win1 "discord"
2024-09-29T08:30:30.132Z 4: ✅ webContents.did-finish-load web1
2024-09-29T08:30:30.510Z 5: ✅ webContents.created web2 ""
2024-09-29T08:30:30.515Z 6: ✅ window.created win2 "Discord"
2024-09-29T08:30:32.351Z 7: ✅ webContents.did-finish-load web2
2024-09-29T08:30:32.466Z 8: window.close win1
2024-09-29T08:30:32.523Z 9: webContents.destroyed web1
2024-09-29T08:30:32.528Z 10: window.closed win1
2024-09-29T08:30:33.548Z 11: ✅ webContents.did-finish-load web2
2024-09-29T08:30:45.216Z 12: before-quit
2024-09-29T08:30:45.225Z 13: window.close win2
2024-09-29T08:30:45.229Z 14: webContents.destroyed web2
2024-09-29T08:57:05.929Z 0: 

----------------------------------------------
2024-09-29T08:57:05.942Z 1: Discord starting: {"releaseChannel":"stable","version":"0.0.69"}, modulepath: /home/aurevelle/.config/discord/0.0.69/modules
2024-09-29T08:57:05.947Z 2: ✅ webContents.created web1 ""
2024-09-29T08:57:05.948Z 3: ✅ window.created win1 "discord"
2024-09-29T08:57:06.107Z 4: ✅ webContents.did-finish-load web1
2024-09-29T08:57:06.700Z 5: ✅ webContents.created web2 ""
2024-09-29T08:57:06.705Z 6: ✅ window.created win2 "Discord"
2024-09-29T08:57:08.240Z 7: ✅ webContents.did-finish-load web2
2024-09-29T08:57:08.336Z 8: window.close win1
2024-09-29T08:57:08.358Z 9: webContents.destroyed web1
2024-09-29T08:57:08.360Z 10: window.closed win1
2024-09-29T08:57:21.800Z 11: window.close win2
2024-09-29T08:57:29.133Z 12: before-quit
2024-09-29T08:57:29.143Z 13: window.close win2
2024-09-29T08:57:29.153Z 14: webContents.destroyed web2
2024-09-29T09:01:10.700Z 0: 

----------------------------------------------
2024-09-29T09:01:10.712Z 1: Discord starting: {"releaseChannel":"stable","version":"0.0.69"}, modulepath: /home/aurevelle/.config/discord/0.0.69/modules
2024-09-29T09:01:10.719Z 2: ✅ webContents.created web1 "index.html"
2024-09-29T09:01:10.721Z 3: ✅ window.created win1 "discord"
2024-09-29T09:01:10.847Z 4: ✅ webContents.did-finish-load web1
2024-09-29T09:01:11.338Z 5: ✅ webContents.created web2 ""
2024-09-29T09:01:11.344Z 6: ✅ window.created win2 "Discord"
2024-09-29T09:01:13.145Z 7: ✅ webContents.did-finish-load web2
2024-09-29T09:01:13.239Z 8: window.close win1
2024-09-29T09:01:13.296Z 9: webContents.destroyed web1
2024-09-29T09:01:13.299Z 10: window.closed win1
2024-09-29T09:01:30.691Z 11: window.close win2
2024-09-29T09:02:14.425Z 12: before-quit
2024-09-29T09:02:14.434Z 13: window.close win2
2024-09-29T09:02:14.444Z 14: webContents.destroyed web2
2024-09-29T09:02:54.798Z 0: 

----------------------------------------------
2024-09-29T09:02:54.813Z 1: Discord starting: {"releaseChannel":"stable","version":"0.0.69"}, modulepath: /home/aurevelle/.config/discord/0.0.69/modules
2024-09-29T09:02:54.816Z 2: ✅ webContents.created web1 "index.html"
2024-09-29T09:02:54.818Z 3: ✅ window.created win1 "discord"
2024-09-29T09:02:54.949Z 4: ✅ webContents.did-finish-load web1
2024-09-29T09:02:55.387Z 5: ✅ webContents.created web2 ""
2024-09-29T09:02:55.393Z 6: ✅ window.created win2 "Discord"
2024-09-29T09:02:56.843Z 7: ✅ webContents.did-finish-load web2
2024-09-29T09:02:56.939Z 8: window.close win1
2024-09-29T09:02:56.971Z 9: webContents.destroyed web1
2024-09-29T09:02:56.973Z 10: window.closed win1
2024-09-29T09:03:05.113Z 11: before-quit
2024-09-29T09:03:05.121Z 12: window.close win2
2024-09-29T09:03:05.127Z 13: webContents.destroyed web2
2024-09-29T09:03:05.137Z 14: window.closed win2
2024-09-29T09:08:51.585Z 0: 

----------------------------------------------
2024-09-29T09:08:51.600Z 1: Discord starting: {"releaseChannel":"stable","version":"0.0.69"}, modulepath: /home/aurevelle/.config/discord/0.0.69/modules
2024-09-29T09:08:51.603Z 2: ✅ webContents.created web1 "index.html"
2024-09-29T09:08:51.606Z 3: ✅ window.created win1 "discord"
2024-09-29T09:08:51.746Z 4: ✅ webContents.did-finish-load web1
2024-09-29T09:08:52.181Z 5: ✅ webContents.created web2 ""
2024-09-29T09:08:52.186Z 6: ✅ window.created win2 "Discord"
2024-09-29T09:08:53.966Z 7: ✅ webContents.did-finish-load web2
2024-09-29T09:08:54.064Z 8: window.close win1
2024-09-29T09:08:54.089Z 9: webContents.destroyed web1
2024-09-29T09:08:54.093Z 10: window.closed win1
2024-09-29T09:09:29.625Z 11: window.close win2
2024-09-29T09:11:48.390Z 12: before-quit
2024-09-29T09:11:48.402Z 13: window.close win2
2024-09-29T09:11:48.437Z 14: webContents.destroyed web2
